Component: ARM Compiler 6.16 Tool: armlink [5dfeaa00]

==============================================================================

Section Cross References

    main.o(.text.main) refers to main.o(.text.watchdog_init) for watchdog_init
    main.o(.text.main) refers to misc.o(.text.NVIC_PriorityGroupConfig) for NVIC_PriorityGroupConfig
    main.o(.text.main) refers to main.o(.text.motor_hw_init) for motor_hw_init
    main.o(.text.main) refers to main.o(.text.LED_Init) for LED_Init
    main.o(.text.main) refers to ultrasonic.o(.text.ultrasonic_init) for ultrasonic_init
    main.o(.text.main) refers to track.o(.text.track_init) for track_init
    main.o(.text.main) refers to myusart.o(.text.usart_init) for usart_init
    main.o(.text.main) refers to system_stm32f10x.o(.data.SystemCoreClock) for SystemCoreClock
    main.o(.text.main) refers to main.o(.text.SysTick_Config) for SysTick_Config
    main.o(.text.main) refers to main.o(.text.send_boot_status) for send_boot_status
    main.o(.text.main) refers to main.o(.text.send_mode_status) for send_mode_status
    main.o(.text.main) refers to mycar.o(.text.car_get_speed) for car_get_speed
    main.o(.text.main) refers to main.o(.text.send_speed_diag_status) for send_speed_diag_status
    main.o(.text.main) refers to main.o(.text.motor_stop) for motor_stop
    main.o(.text.main) refers to stm32f10x_gpio.o(.text.GPIO_ResetBits) for GPIO_ResetBits
    main.o(.text.main) refers to stm32f10x_it.o(.bss.system_ms) for system_ms
    main.o(.text.main) refers to stm32f10x_iwdg.o(.text.IWDG_ReloadCounter) for IWDG_ReloadCounter
    main.o(.text.main) refers to track.o(.text.track_run_step) for track_run_step
    main.o(.text.main) refers to track.o(.text.track_should_hold) for track_should_hold
    main.o(.text.main) refers to track.o(.text.track_clear_hold) for track_clear_hold
    main.o(.text.main) refers to ultrasonic.o(.text.ultrasonic_get_distance_mm) for ultrasonic_get_distance_mm
    main.o(.text.main) refers to track.o(.text.track_read_left) for track_read_left
    main.o(.text.main) refers to track.o(.text.track_read_mid) for track_read_mid
    main.o(.text.main) refers to track.o(.text.track_read_right) for track_read_right
    main.o(.text.main) refers to main.o(.text.abs_diff_u32) for abs_diff_u32
    main.o(.text.main) refers to main.o(.text.send_distance_status) for send_distance_status
    main.o(.text.main) refers to main.o(.text.send_track_status) for send_track_status
    main.o(.text.main) refers to main.o(.text.send_obstacle_status) for send_obstacle_status
    main.o(.text.main) refers to myusart.o(.text.my_usart_read_byte) for my_usart_read_byte
    main.o(.text.main) refers to stm32f10x_gpio.o(.text.GPIO_SetBits) for GPIO_SetBits
    main.o(.text.main) refers to myusart.o(.text.my_send_string) for my_send_string
    main.o(.text.main) refers to main.o(.text.parse_speed_command) for parse_speed_command
    main.o(.text.main) refers to main.o(.text.parse_track_command) for parse_track_command
    main.o(.text.main) refers to main.o(.text.parse_user_continue_command) for parse_user_continue_command
    main.o(.text.main) refers to main.o(.text.parse_user_snapshot_command) for parse_user_snapshot_command
    main.o(.text.main) refers to main.o(.text.parse_status_command) for parse_status_command
    main.o(.text.main) refers to main.o(.text.run_direction_command) for run_direction_command
    main.o(.text.main) refers to memcmp.o(.text) for memcmp
    main.o(.text.main) refers to main.o(.text.motor_set_speed) for motor_set_speed
    main.o(.text.main) refers to main.o(.text.send_speed_ok_status) for send_speed_ok_status
    main.o(.text.main) refers to main.o(.text.restore_manual_speed_profile) for restore_manual_speed_profile
    main.o(.text.main) refers to main.o(.text.motor_go) for motor_go
    main.o(.text.main) refers to main.o(.rodata.str1.1) for .L.str.5
    main.o(.text.main) refers to main.o(.text.send_bt_rx_overflow_status) for send_bt_rx_overflow_status
    main.o(.ARM.exidx.text.main) refers to main.o(.text.main) for [Anonymous Symbol]
    main.o(.text.watchdog_init) refers to stm32f10x_iwdg.o(.text.IWDG_WriteAccessCmd) for IWDG_WriteAccessCmd
    main.o(.text.watchdog_init) refers to stm32f10x_iwdg.o(.text.IWDG_SetPrescaler) for IWDG_SetPrescaler
    main.o(.text.watchdog_init) refers to stm32f10x_iwdg.o(.text.IWDG_SetReload) for IWDG_SetReload
    main.o(.text.watchdog_init) refers to stm32f10x_iwdg.o(.text.IWDG_ReloadCounter) for IWDG_ReloadCounter
    main.o(.text.watchdog_init) refers to stm32f10x_iwdg.o(.text.IWDG_Enable) for IWDG_Enable
    main.o(.ARM.exidx.text.watchdog_init) refers to main.o(.text.watchdog_init) for [Anonymous Symbol]
    main.o(.text.motor_hw_init) refers to mycar.o(.text.mycar_init) for mycar_init
    main.o(.ARM.exidx.text.motor_hw_init) refers to main.o(.text.motor_hw_init) for [Anonymous Symbol]
    main.o(.text.LED_Init) refers to stm32f10x_rcc.o(.text.RCC_APB2PeriphClockCmd) for RCC_APB2PeriphClockCmd
[...]
    Removing stm32f10x_tim.o(.ARM.exidx.text.TIM_GetCapture1), (8 bytes).
    Removing stm32f10x_tim.o(.text.TIM_GetCapture2), (4 bytes).
    Removing stm32f10x_tim.o(.ARM.exidx.text.TIM_GetCapture2), (8 bytes).
    Removing stm32f10x_tim.o(.text.TIM_GetCapture3), (4 bytes).
    Removing stm32f10x_tim.o(.ARM.exidx.text.TIM_GetCapture3), (8 bytes).
    Removing stm32f10x_tim.o(.text.TIM_GetCapture4), (6 bytes).
    Removing stm32f10x_tim.o(.ARM.exidx.text.TIM_GetCapture4), (8 bytes).
    Removing stm32f10x_tim.o(.text.TIM_GetCounter), (4 bytes).
    Removing stm32f10x_tim.o(.ARM.exidx.text.TIM_GetCounter), (8 bytes).
    Removing stm32f10x_tim.o(.text.TIM_GetPrescaler), (4 bytes).
    Removing stm32f10x_tim.o(.ARM.exidx.text.TIM_GetPrescaler), (8 bytes).
    Removing stm32f10x_tim.o(.text.TIM_GetFlagStatus), (10 bytes).
    Removing stm32f10x_tim.o(.ARM.exidx.text.TIM_GetFlagStatus), (8 bytes).
    Removing stm32f10x_tim.o(.text.TIM_ClearFlag), (6 bytes).
    Removing stm32f10x_tim.o(.ARM.exidx.text.TIM_ClearFlag), (8 bytes).
    Removing stm32f10x_tim.o(.text.TIM_GetITStatus), (20 bytes).
    Removing stm32f10x_tim.o(.ARM.exidx.text.TIM_GetITStatus), (8 bytes).
    Removing stm32f10x_tim.o(.text.TIM_ClearITPendingBit), (6 bytes).
    Removing stm32f10x_tim.o(.ARM.exidx.text.TIM_ClearITPendingBit), (8 bytes).
    Removing stm32f10x_iwdg.o(.text), (0 bytes).
    Removing stm32f10x_iwdg.o(.ARM.exidx.text.IWDG_WriteAccessCmd), (8 bytes).
    Removing stm32f10x_iwdg.o(.ARM.exidx.text.IWDG_SetPrescaler), (8 bytes).
    Removing stm32f10x_iwdg.o(.ARM.exidx.text.IWDG_SetReload), (8 bytes).
    Removing stm32f10x_iwdg.o(.ARM.exidx.text.IWDG_ReloadCounter), (8 bytes).
    Removing stm32f10x_iwdg.o(.ARM.exidx.text.IWDG_Enable), (8 bytes).
    Removing stm32f10x_iwdg.o(.text.IWDG_GetFlagStatus), (18 bytes).
    Removing stm32f10x_iwdg.o(.ARM.exidx.text.IWDG_GetFlagStatus), (8 bytes).
    Removing stm32f10x_exti.o(.text), (0 bytes).
    Removing stm32f10x_exti.o(.text.EXTI_DeInit), (30 bytes).
    Removing stm32f10x_exti.o(.ARM.exidx.text.EXTI_DeInit), (8 bytes).
    Removing stm32f10x_exti.o(.text.EXTI_Init), (104 bytes).
    Removing stm32f10x_exti.o(.ARM.exidx.text.EXTI_Init), (8 bytes).
    Removing stm32f10x_exti.o(.text.EXTI_StructInit), (14 bytes).
    Removing stm32f10x_exti.o(.ARM.exidx.text.EXTI_StructInit), (8 bytes).
    Removing stm32f10x_exti.o(.text.EXTI_GenerateSWInterrupt), (16 bytes).
    Removing stm32f10x_exti.o(.ARM.exidx.text.EXTI_GenerateSWInterrupt), (8 bytes).
    Removing stm32f10x_exti.o(.text.EXTI_GetFlagStatus), (18 bytes).
    Removing stm32f10x_exti.o(.ARM.exidx.text.EXTI_GetFlagStatus), (8 bytes).
    Removing stm32f10x_exti.o(.text.EXTI_ClearFlag), (12 bytes).
    Removing stm32f10x_exti.o(.ARM.exidx.text.EXTI_ClearFlag), (8 bytes).
    Removing stm32f10x_exti.o(.text.EXTI_GetITStatus), (30 bytes).
    Removing stm32f10x_exti.o(.ARM.exidx.text.EXTI_GetITStatus), (8 bytes).
    Removing stm32f10x_exti.o(.text.EXTI_ClearITPendingBit), (12 bytes).
    Removing stm32f10x_exti.o(.ARM.exidx.text.EXTI_ClearITPendingBit), (8 bytes).
    Removing gpio_stm32f10x.o(.text), (0 bytes).
    Removing gpio_stm32f10x.o(.text.GPIO_PortClock), (300 bytes).
    Removing gpio_stm32f10x.o(.ARM.exidx.text.GPIO_PortClock), (8 bytes).
    Removing gpio_stm32f10x.o(.text.GPIO_GetPortClockState), (72 bytes).
    Removing gpio_stm32f10x.o(.ARM.exidx.text.GPIO_GetPortClockState), (8 bytes).
    Removing gpio_stm32f10x.o(.text.GPIO_PinConfigure), (126 bytes).
    Removing gpio_stm32f10x.o(.ARM.exidx.text.GPIO_PinConfigure), (8 bytes).
    Removing gpio_stm32f10x.o(.text.GPIO_AFConfigure), (134 bytes).
    Removing gpio_stm32f10x.o(.ARM.exidx.text.GPIO_AFConfigure), (8 bytes).

458 unused section(s) (total 7498 bytes) removed from the image.

==============================================================================

Image Symbol Table

    Local Symbols

    Symbol Name                              Value     Ov Type        Size  Object(Section)

    ../clib/angel/boardlib.s                 0x00000000   Number         0  boardinit1.o ABSOLUTE
    ../clib/angel/boardlib.s                 0x00000000   Number         0  boardinit2.o ABSOLUTE
    ../clib/angel/boardlib.s                 0x00000000   Number         0  boardinit3.o ABSOLUTE
    ../clib/angel/boardlib.s                 0x00000000   Number         0  boardshut.o ABSOLUTE
    ../clib/angel/handlers.s                 0x00000000   Number         0  __scatter_copy.o ABSOLUTE
    ../clib/angel/handlers.s                 0x00000000   Number         0  __scatter_zi.o ABSOLUTE
    ../clib/angel/kernel.s                   0x00000000   Number         0  __rtentry.o ABSOLUTE
    ../clib/angel/kernel.s                   0x00000000   Number         0  __rtentry2.o ABSOLUTE
    ../clib/angel/kernel.s                   0x00000000   Number         0  __rtentry4.o ABSOLUTE
    ../clib/angel/kernel.s                   0x00000000   Number         0  rtexit.o ABSOLUTE
    ../clib/angel/kernel.s                   0x00000000   Number         0  rtexit2.o ABSOLUTE
    ../clib/angel/rt.s                       0x00000000   Number         0  rt_raise.o ABSOLUTE
    ../clib/angel/scatter.s                  0x00000000   Number         0  __scatter.o ABSOLUTE
    ../clib/angel/startup.s                  0x00000000   Number         0  __main.o ABSOLUTE
    ../clib/angel/sys.s                      0x00000000   Number         0  sys_stackheap_outer.o ABSOLUTE
    ../clib/angel/sys.s                      0x00000000   Number         0  libspace.o ABSOLUTE
    ../clib/angel/sys.s                      0x00000000   Number         0  use_no_semi.o ABSOLUTE
    ../clib/angel/sys.s                      0x00000000   Number         0  indicate_semi.o ABSOLUTE
    ../clib/angel/sysapp.c                   0x00000000   Number         0  sys_exit.o ABSOLUTE
    ../clib/angel/sysapp.c                   0x00000000   Number         0  sys_exit_hlt.o ABSOLUTE
    ../clib/angel/sysapp.c                   0x00000000   Number         0  sys_command.o ABSOLUTE
    ../clib/angel/sysapp.c                   0x00000000   Number         0  sys_command_hlt.o ABSOLUTE
    ../clib/angel/sysapp.c                   0x00000000   Number         0  sys_wrch.o ABSOLUTE
    ../clib/angel/sysapp.c                   0x00000000   Number         0  sys_wrch_hlt.o ABSOLUTE
    ../clib/armsys.c                         0x00000000   Number         0  argv_veneer.o ABSOLUTE
    ../clib/armsys.c                         0x00000000   Number         0  argv_veneer.o ABSOLUTE
    ../clib/armsys.c                         0x00000000   Number         0  _get_argv_nomalloc.o ABSOLUTE
    ../clib/armsys.c                         0x00000000   Number         0  no_argv.o ABSOLUTE
    ../clib/heapalloc.c                      0x00000000   Number         0  hrguard.o ABSOLUTE
    ../clib/heapaux.c                        0x00000000   Number         0  heapauxi.o ABSOLUTE
    ../clib/libinit.s                        0x00000000   Number         0  libinit.o ABSOLUTE
    ../clib/libinit.s                        0x00000000   Number         0  libinit2.o ABSOLUTE
    ../clib/libinit.s                        0x00000000   Number         0  libshutdown.o ABSOLUTE
    ../clib/libinit.s                        0x00000000   Number         0  libshutdown2.o ABSOLUTE
    ../clib/memcpset.s                       0x00000000   Number         0  strcmpv7m.o ABSOLUTE
    ../clib/signal.c                         0x00000000   Number         0  defsig_rtmem_outer.o ABSOLUTE
    ../clib/signal.c                         0x00000000   Number         0  defsig_rtmem_formal.o ABSOLUTE
    ../clib/signal.c                         0x00000000   Number         0  defsig_exit.o ABSOLUTE
    ../clib/signal.c                         0x00000000   Number         0  defsig_rtmem_inner.o ABSOLUTE
    ../clib/signal.c                         0x00000000   Number         0  __raise.o ABSOLUTE
    ../clib/signal.c                         0x00000000   Number         0  defsig_general.o ABSOLUTE
    ../clib/signal.c                         0x00000000   Number         0  defsig_abrt_inner.o ABSOLUTE
    ../clib/signal.c                         0x00000000   Number         0  defsig_fpe_inner.o ABSOLUTE
    ../clib/signal.c                         0x00000000   Number         0  defsig_rtred_inner.o ABSOLUTE
    ../clib/signal.c                         0x00000000   Number         0  defsig_stak_inner.o ABSOLUTE
    ../clib/signal.c                         0x00000000   Number         0  defsig_pvfn_inner.o ABSOLUTE
    ../clib/signal.c                         0x00000000   Number         0  defsig_cppl_inner.o ABSOLUTE
    ../clib/signal.c                         0x00000000   Number         0  defsig_segv_inner.o ABSOLUTE
    ../clib/signal.c                         0x00000000   Number         0  defsig_other.o ABSOLUTE
    ../clib/signal.s                         0x00000000   Number         0  defsig.o ABSOLUTE
    ../clib/stdlib.c                         0x00000000   Number         0  exit.o ABSOLUTE
    ../clib/string.c                         0x00000000   Number         0  memcmp.o ABSOLUTE
    ../clib/string.c                         0x00000000   Number         0  strlen.o ABSOLUTE
    ../fplib/fpinit.s                        0x00000000   Number         0  fpinit.o ABSOLUTE
    ../fplib/fpinit_empty.s                  0x00000000   Number         0  fpinit_empty.o ABSOLUTE
    GPIO_STM32F10x.c                         0x00000000   Number         0  gpio_stm32f10x.o ABSOLUTE
    Startup/startup_stm32f10x_md.s           0x00000000   Number         0  startup_stm32f10x_md.o ABSOLUTE
    dc.s                                     0x00000000   Number         0  dc.o ABSOLUTE
    main.c                                   0x00000000   Number         0  main.o ABSOLUTE
    misc.c                                   0x00000000   Number         0  misc.o ABSOLUTE
    mycar.c                                  0x00000000   Number         0  mycar.o ABSOLUTE
    myusart.c                                0x00000000   Number         0  myusart.o ABSOLUTE
    stm32f10x_exti.c                         0x00000000   Number         0  stm32f10x_exti.o ABSOLUTE
    stm32f10x_gpio.c                         0x00000000   Number         0  stm32f10x_gpio.o ABSOLUTE
    stm32f10x_it.c                           0x00000000   Number         0  stm32f10x_it.o ABSOLUTE
    stm32f10x_iwdg.c                         0x00000000   Number         0  stm32f10x_iwdg.o ABSOLUTE
    stm32f10x_rcc.c                          0x00000000   Number         0  stm32f10x_rcc.o ABSOLUTE
    stm32f10x_tim.c                          0x00000000   Number         0  stm32f10x_tim.o ABSOLUTE
    stm32f10x_usart.c                        0x00000000   Number         0  stm32f10x_usart.o ABSOLUTE
    system_stm32f10x.c                       0x00000000   Number         0  system_stm32f10x.o ABSOLUTE
    track.c                                  0x00000000   Number         0  track.o ABSOLUTE
    ultrasonic.c                             0x00000000   Number         0  ultrasonic.o ABSOLUTE
    RESET                                    0x08000000   Section      236  startup_stm32f10x_md.o(RESET)
    !!!main                                  0x080000ec   Section        8  __main.o(!!!main)
    !!!scatter                               0x080000f4   Section       52  __scatter.o(!!!scatter)
    !!handler_copy                           0x08000128   Section       26  __scatter_copy.o(!!handler_copy)
    !!handler_zi                             0x08000144   Section       28  __scatter_zi.o(!!handler_zi)
    .ARM.Collect$$libinit$$00000000          0x08000160   Section        2  libinit.o(.ARM.Collect$$libinit$$00000000)
    .ARM.Collect$$libinit$$00000002          0x08000162   Section        0  libinit2.o(.ARM.Collect$$libinit$$00000002)
    .ARM.Collect$$libinit$$00000004          0x08000162   Section        0  libinit2.o(.ARM.Collect$$libinit$$00000004)
    .ARM.Collect$$libinit$$0000000A          0x08000162   Section        0  libinit2.o(.ARM.Collect$$libinit$$0000000A)
    .ARM.Collect$$libinit$$0000000C          0x08000162   Section        0  libinit2.o(.ARM.Collect$$libinit$$0000000C)
    .ARM.Collect$$libinit$$0000000E          0x08000162   Section        0  libinit2.o(.ARM.Collect$$libinit$$0000000E)
    .ARM.Collect$$libinit$$00000011          0x08000162   Section        0  libinit2.o(.ARM.Collect$$libinit$$00000011)
    .ARM.Collect$$libinit$$00000013          0x08000162   Section        0  libinit2.o(.ARM.Collect$$libinit$$00000013)
    .ARM.Collect$$libinit$$00000015          0x08000162   Section        0  libinit2.o(.ARM.Collect$$libinit$$00000015)
    .ARM.Collect$$libinit$$00000017          0x08000162   Section        0  libinit2.o(.ARM.Collect$$libinit$$00000017)
    .ARM.Collect$$libinit$$00000019          0x08000162   Section        0  libinit2.o(.ARM.Collect$$libinit$$00000019)
    .ARM.Collect$$libinit$$0000001B          0x08000162   Section        0  libinit2.o(.ARM.Collect$$libinit$$0000001B)
    .ARM.Collect$$libinit$$0000001D          0x08000162   Section        0  libinit2.o(.ARM.Collect$$libinit$$0000001D)
    .ARM.Collect$$libinit$$0000001F          0x08000162   Section        0  libinit2.o(.ARM.Collect$$libinit$$0000001F)
    .ARM.Collect$$libinit$$00000021          0x08000162   Section        0  libinit2.o(.ARM.Collect$$libinit$$00000021)
    .ARM.Collect$$libinit$$00000023          0x08000162   Section        0  libinit2.o(.ARM.Collect$$libinit$$00000023)
    .ARM.Collect$$libinit$$00000025          0x08000162   Section        0  libinit2.o(.ARM.Collect$$libinit$$00000025)
    .ARM.Collect$$libinit$$0000002C          0x08000162   Section        0  libinit2.o(.ARM.Collect$$libinit$$0000002C)
    .ARM.Collect$$libinit$$0000002E          0x08000162   Section        0  libinit2.o(.ARM.Collect$$libinit$$0000002E)
    .ARM.Collect$$libinit$$00000030          0x08000162   Section        0  libinit2.o(.ARM.Collect$$libinit$$00000030)
    .ARM.Collect$$libinit$$00000032          0x08000162   Section        0  libinit2.o(.ARM.Collect$$libinit$$00000032)
    .ARM.Collect$$libinit$$00000033          0x08000162   Section        2  libinit2.o(.ARM.Collect$$libinit$$00000033)
    .ARM.Collect$$libshutdown$$00000000      0x08000164   Section        2  libshutdown.o(.ARM.Collect$$libshutdown$$00000000)
    .ARM.Collect$$libshutdown$$00000002      0x08000166   Section        0  libshutdown2.o(.ARM.Collect$$libshutdown$$00000002)
    .ARM.Collect$$libshutdown$$00000004      0x08000166   Section        0  libshutdown2.o(.ARM.Collect$$libshutdown$$00000004)
    .ARM.Collect$$libshutdown$$00000007      0x08000166   Section        0  libshutdown2.o(.ARM.Collect$$libshutdown$$00000007)
    .ARM.Collect$$libshutdown$$0000000A      0x08000166   Section        0  libshutdown2.o(.ARM.Collect$$libshutdown$$0000000A)
    .ARM.Collect$$libshutdown$$0000000C      0x08000166   Section        0  libshutdown2.o(.ARM.Collect$$libshutdown$$0000000C)
    .ARM.Collect$$libshutdown$$0000000F      0x08000166   Section        0  libshutdown2.o(.ARM.Collect$$libshutdown$$0000000F)
    .ARM.Collect$$libshutdown$$00000010      0x08000166   Section        2  libshutdown2.o(.ARM.Collect$$libshutdown$$00000010)
    .ARM.Collect$$rtentry$$00000000          0x08000168   Section        0  __rtentry.o(.ARM.Collect$$rtentry$$00000000)
    .ARM.Collect$$rtentry$$00000002          0x08000168   Section        0  __rtentry2.o(.ARM.Collect$$rtentry$$00000002)
    .ARM.Collect$$rtentry$$00000004          0x08000168   Section        6  __rtentry4.o(.ARM.Collect$$rtentry$$00000004)
    .ARM.Collect$$rtentry$$00000009          0x0800016e   Section        0  __rtentry2.o(.ARM.Collect$$rtentry$$00000009)
    .ARM.Collect$$rtentry$$0000000A          0x0800016e   Section        4  __rtentry2.o(.ARM.Collect$$rtentry$$0000000A)
    .ARM.Collect$$rtentry$$0000000C          0x08000172   Section        0  __rtentry2.o(.ARM.Collect$$rtentry$$0000000C)
    .ARM.Collect$$rtentry$$0000000D          0x08000172   Section        8  __rtentry2.o(.ARM.Collect$$rtentry$$0000000D)
    .ARM.Collect$$rtexit$$00000000           0x0800017a   Section        2  rtexit.o(.ARM.Collect$$rtexit$$00000000)
    .ARM.Collect$$rtexit$$00000002           0x0800017c   Section        0  rtexit2.o(.ARM.Collect$$rtexit$$00000002)
    .ARM.Collect$$rtexit$$00000003           0x0800017c   Section        4  rtexit2.o(.ARM.Collect$$rtexit$$00000003)
    .ARM.Collect$$rtexit$$00000004           0x08000180   Section        6  rtexit2.o(.ARM.Collect$$rtexit$$00000004)
    .text                                    0x08000188   Section       64  startup_stm32f10x_md.o(.text)
    .text                                    0x080001c8   Section        0  memcmp.o(.text)
    .text                                    0x08000220   Section        0  strlen.o(.text)
    .text                                    0x08000260   Section      128  strcmpv7m.o(.text)
    .text                                    0x080002e0   Section        0  heapauxi.o(.text)
    .text                                    0x080002e6   Section       74  sys_stackheap_outer.o(.text)
    .text                                    0x08000330   Section        0  exit.o(.text)
    .text                                    0x08000344   Section        8  libspace.o(.text)
    .text                                    0x0800034c   Section        0  sys_exit.o(.text)
    .text                                    0x08000358   Section        2  use_no_semi.o(.text)
    .text                                    0x0800035a   Section        0  indicate_semi.o(.text)
    [Anonymous Symbol]                       0x0800035c   Section        0  stm32f10x_it.o(.text.BusFault_Handler)
    [Anonymous Symbol]                       0x08000360   Section        0  stm32f10x_it.o(.text.DebugMon_Handler)
    [Anonymous Symbol]                       0x08000364   Section        0  stm32f10x_it.o(.text.EXTI15_10_IRQHandler)
    [Anonymous Symbol]                       0x08000368   Section        0  stm32f10x_gpio.o(.text.GPIO_Init)
    [Anonymous Symbol]                       0x08000418   Section        0  stm32f10x_gpio.o(.text.GPIO_ReadInputDataBit)
    [Anonymous Symbol]                       0x08000424   Section        0  stm32f10x_gpio.o(.text.GPIO_ResetBits)
    [Anonymous Symbol]                       0x08000428   Section        0  stm32f10x_gpio.o(.text.GPIO_SetBits)
    [Anonymous Symbol]                       0x0800042c   Section        0  stm32f10x_it.o(.text.HardFault_Handler)
    [Anonymous Symbol]                       0x08000430   Section        0  stm32f10x_iwdg.o(.text.IWDG_Enable)
    [Anonymous Symbol]                       0x08000440   Section        0  stm32f10x_iwdg.o(.text.IWDG_ReloadCounter)
    [Anonymous Symbol]                       0x08000450   Section        0  stm32f10x_iwdg.o(.text.IWDG_SetPrescaler)
    [Anonymous Symbol]                       0x0800045c   Section        0  stm32f10x_iwdg.o(.text.IWDG_SetReload)
    [Anonymous Symbol]                       0x08000468   Section        0  stm32f10x_iwdg.o(.text.IWDG_WriteAccessCmd)
    LED_Init                                 0x08000475   Thumb Code    52  main.o(.text.LED_Init)
    [Anonymous Symbol]                       0x08000474   Section        0  main.o(.text.LED_Init)
    [Anonymous Symbol]                       0x080004a8   Section        0  stm32f10x_it.o(.text.MemManage_Handler)
    [Anonymous Symbol]                       0x080004ac   Section        0  stm32f10x_it.o(.text.NMI_Handler)
    [Anonymous Symbol]                       0x080004b0   Section        0  misc.o(.text.NVIC_Init)
    [Anonymous Symbol]                       0x08000510   Section        0  misc.o(.text.NVIC_PriorityGroupConfig)
    [Anonymous Symbol]                       0x08000524   Section        0  stm32f10x_it.o(.text.PendSV_Handler)
    [Anonymous Symbol]                       0x08000528   Section        0  stm32f10x_rcc.o(.text.RCC_APB1PeriphClockCmd)
    [Anonymous Symbol]                       0x08000540   Section        0  stm32f10x_rcc.o(.text.RCC_APB2PeriphClockCmd)
    [Anonymous Symbol]                       0x08000558   Section        0  stm32f10x_rcc.o(.text.RCC_ClearFlag)
    [Anonymous Symbol]                       0x0800056c   Section        0  stm32f10x_rcc.o(.text.RCC_GetClocksFreq)
    [Anonymous Symbol]                       0x0800060c   Section        0  stm32f10x_rcc.o(.text.RCC_GetFlagStatus)
    [Anonymous Symbol]                       0x08000638   Section        0  stm32f10x_it.o(.text.SVC_Handler)
    SetSysClock                              0x0800063d   Thumb Code     8  system_stm32f10x.o(.text.SetSysClock)
    [Anonymous Symbol]                       0x0800063c   Section        0  system_stm32f10x.o(.text.SetSysClock)
    SetSysClockTo72                          0x08000645   Thumb Code   190  system_stm32f10x.o(.text.SetSysClockTo72)
    [Anonymous Symbol]                       0x08000644   Section        0  system_stm32f10x.o(.text.SetSysClockTo72)
    SysTick_Config                           0x08000705   Thumb Code    36  main.o(.text.SysTick_Config)
    [Anonymous Symbol]                       0x08000704   Section        0  main.o(.text.SysTick_Config)
    [Anonymous Symbol]                       0x08000728   Section        0  stm32f10x_it.o(.text.SysTick_Handler)
    [Anonymous Symbol]                       0x08000738   Section        0  system_stm32f10x.o(.text.SystemInit)
    [Anonymous Symbol]                       0x08000790   Section        0  stm32f10x_tim.o(.text.TIM_ARRPreloadConfig)
    [Anonymous Symbol]                       0x080007a4   Section        0  stm32f10x_tim.o(.text.TIM_Cmd)
    [Anonymous Symbol]                       0x080007b8   Section        0  stm32f10x_tim.o(.text.TIM_OC3Init)
    [Anonymous Symbol]                       0x08000830   Section        0  stm32f10x_tim.o(.text.TIM_OC3PreloadConfig)
    [Anonymous Symbol]                       0x0800083c   Section        0  stm32f10x_tim.o(.text.TIM_OC4Init)
    [Anonymous Symbol]                       0x0800089c   Section        0  stm32f10x_tim.o(.text.TIM_OC4PreloadConfig)
    [Anonymous Symbol]                       0x080008ac   Section        0  stm32f10x_tim.o(.text.TIM_OCStructInit)
    [Anonymous Symbol]                       0x080008b8   Section        0  stm32f10x_tim.o(.text.TIM_SetCompare3)
    [Anonymous Symbol]                       0x080008bc   Section        0  stm32f10x_tim.o(.text.TIM_SetCompare4)
    [Anonymous Symbol]                       0x080008c4   Section        0  stm32f10x_tim.o(.text.TIM_TimeBaseInit)
    [Anonymous Symbol]                       0x08000970   Section        0  stm32f10x_tim.o(.text.TIM_TimeBaseStructInit)
    [Anonymous Symbol]                       0x08000984   Section        0  stm32f10x_it.o(.text.USART1_IRQHandler)
    [Anonymous Symbol]                       0x08000988   Section        0  stm32f10x_it.o(.text.USART3_IRQHandler)
    [Anonymous Symbol]                       0x08000990   Section        0  stm32f10x_usart.o(.text.USART_ClearFlag)
    [Anonymous Symbol]                       0x08000998   Section        0  stm32f10x_usart.o(.text.USART_Cmd)
    [Anonymous Symbol]                       0x080009ac   Section        0  stm32f10x_usart.o(.text.USART_GetFlagStatus)
    [Anonymous Symbol]                       0x080009b8   Section        0  stm32f10x_usart.o(.text.USART_GetITStatus)
    [Anonymous Symbol]                       0x080009e8   Section        0  stm32f10x_usart.o(.text.USART_ITConfig)
    [Anonymous Symbol]                       0x08000a18   Section        0  stm32f10x_usart.o(.text.USART_Init)
    [Anonymous Symbol]                       0x08000ad0   Section        0  stm32f10x_usart.o(.text.USART_ReceiveData)
    [Anonymous Symbol]                       0x08000ad8   Section        0  stm32f10x_usart.o(.text.USART_SendData)
    [Anonymous Symbol]                       0x08000ae0   Section        0  stm32f10x_it.o(.text.UsageFault_Handler)
    __NVIC_SetPriority                       0x08000ae5   Thumb Code    14  main.o(.text.__NVIC_SetPriority)
    [Anonymous Symbol]                       0x08000ae4   Section        0  main.o(.text.__NVIC_SetPriority)
    abs_diff_u32                             0x08000af5   Thumb Code    10  main.o(.text.abs_diff_u32)
    [Anonymous Symbol]                       0x08000af4   Section        0  main.o(.text.abs_diff_u32)
    append_text                              0x08000b01   Thumb Code    32  main.o(.text.append_text)
    [Anonymous Symbol]                       0x08000b00   Section        0  main.o(.text.append_text)
    append_uint                              0x08000b21   Thumb Code    98  main.o(.text.append_uint)
    [Anonymous Symbol]                       0x08000b20   Section        0  main.o(.text.append_uint)
    car_apply_pwm                            0x08000b85   Thumb Code   110  mycar.o(.text.car_apply_pwm)
    [Anonymous Symbol]                       0x08000b84   Section        0  mycar.o(.text.car_apply_pwm)
    [Anonymous Symbol]                       0x08000bf4   Section        0  mycar.o(.text.car_backward)
    [Anonymous Symbol]                       0x08000c40   Section        0  mycar.o(.text.car_forward)
    [Anonymous Symbol]                       0x08000c48   Section        0  mycar.o(.text.car_get_default_speed)
    [Anonymous Symbol]                       0x08000c4c   Section        0  mycar.o(.text.car_get_speed)
    [Anonymous Symbol]                       0x08000c58   Section        0  mycar.o(.text.car_left)
    [Anonymous Symbol]                       0x08000ca4   Section        0  mycar.o(.text.car_right)
    [Anonymous Symbol]                       0x08000cf0   Section        0  mycar.o(.text.car_set_speed)
    [Anonymous Symbol]                       0x08000d1c   Section        0  mycar.o(.text.car_set_speed_lr)
    [Anonymous Symbol]                       0x08000d48   Section        0  mycar.o(.text.go)
    [Anonymous Symbol]                       0x08000d94   Section        0  main.o(.text.main)
    motor_backward                           0x08001489   Thumb Code     8  main.o(.text.motor_backward)
    [Anonymous Symbol]                       0x08001488   Section        0  main.o(.text.motor_backward)
    motor_forward                            0x08001491   Thumb Code     8  main.o(.text.motor_forward)
    [Anonymous Symbol]                       0x08001490   Section        0  main.o(.text.motor_forward)
    motor_go                                 0x08001499   Thumb Code     8  main.o(.text.motor_go)
    [Anonymous Symbol]                       0x08001498   Section        0  main.o(.text.motor_go)
    motor_hw_init                            0x080014a1   Thumb Code     8  main.o(.text.motor_hw_init)
    [Anonymous Symbol]                       0x080014a0   Section        0  main.o(.text.motor_hw_init)
    motor_left                               0x080014a9   Thumb Code     8  main.o(.text.motor_left)
    [Anonymous Symbol]                       0x080014a8   Section        0  main.o(.text.motor_left)
    motor_right                              0x080014b1   Thumb Code     8  main.o(.text.motor_right)
    [Anonymous Symbol]                       0x080014b0   Section        0  main.o(.text.motor_right)
    motor_set_speed                          0x080014b9   Thumb Code     8  main.o(.text.motor_set_speed)
    [Anonymous Symbol]                       0x080014b8   Section        0  main.o(.text.motor_set_speed)
    motor_stop                               0x080014c1   Thumb Code     8  main.o(.text.motor_stop)
    [Anonymous Symbol]                       0x080014c0   Section        0  main.o(.text.motor_stop)
    [Anonymous Symbol]                       0x080014c8   Section        0  myusart.o(.text.my_send)
    [Anonymous Symbol]                       0x08001504   Section        0  myusart.o(.text.my_send_string)
    [Anonymous Symbol]                       0x08001520   Section        0  myusart.o(.text.my_usart_irq_handler)
    [Anonymous Symbol]                       0x0800159c   Section        0  myusart.o(.text.my_usart_read_byte)
    [Anonymous Symbol]                       0x080015d4   Section        0  myusart.o(.text.my_usart_rx_overflow_count)
    [Anonymous Symbol]                       0x080015e0   Section        0  mycar.o(.text.mycar_init)
    parse_speed_command                      0x080016a1   Thumb Code    88  main.o(.text.parse_speed_command)
    [Anonymous Symbol]                       0x080016a0   Section        0  main.o(.text.parse_speed_command)
    parse_status_command                     0x080016f9   Thumb Code    52  main.o(.text.parse_status_command)
    [Anonymous Symbol]                       0x080016f8   Section        0  main.o(.text.parse_status_command)
    parse_track_command                      0x0800174d   Thumb Code    80  main.o(.text.parse_track_command)
    [Anonymous Symbol]                       0x0800174c   Section        0  main.o(.text.parse_track_command)
    parse_user_continue_command              0x080017dd   Thumb Code   100  main.o(.text.parse_user_continue_command)
    [Anonymous Symbol]                       0x080017dc   Section        0  main.o(.text.parse_user_continue_command)
    parse_user_snapshot_command              0x08001889   Thumb Code   100  main.o(.text.parse_user_snapshot_command)
    [Anonymous Symbol]                       0x08001888   Section        0  main.o(.text.parse_user_snapshot_command)
    restore_manual_speed_profile             0x08001935   Thumb Code    20  main.o(.text.restore_manual_speed_profile)
    [Anonymous Symbol]                       0x08001934   Section        0  main.o(.text.restore_manual_speed_profile)
    run_direction_command                    0x08001949   Thumb Code   132  main.o(.text.run_direction_command)
    [Anonymous Symbol]                       0x08001948   Section        0  main.o(.text.run_direction_command)
    send_boot_status                         0x080019f5   Thumb Code   160  main.o(.text.send_boot_status)
    [Anonymous Symbol]                       0x080019f4   Section        0  main.o(.text.send_boot_status)
    send_bt_rx_overflow_status               0x08001ad1   Thumb Code    52  main.o(.text.send_bt_rx_overflow_status)
    [Anonymous Symbol]                       0x08001ad0   Section        0  main.o(.text.send_bt_rx_overflow_status)
    send_control_string                      0x08001b11   Thumb Code    18  main.o(.text.send_control_string)
    [Anonymous Symbol]                       0x08001b10   Section        0  main.o(.text.send_control_string)
    send_distance_status                     0x08001b25   Thumb Code    52  main.o(.text.send_distance_status)
    [Anonymous Symbol]                       0x08001b24   Section        0  main.o(.text.send_distance_status)
    send_mode_status                         0x08001b61   Thumb Code    28  main.o(.text.send_mode_status)
    [Anonymous Symbol]                       0x08001b60   Section        0  main.o(.text.send_mode_status)
    send_obstacle_status                     0x08001b8d   Thumb Code    52  main.o(.text.send_obstacle_status)
    [Anonymous Symbol]                       0x08001b8c   Section        0  main.o(.text.send_obstacle_status)
    send_speed_diag_status                   0x08001bc9   Thumb Code    48  main.o(.text.send_speed_diag_status)
    [Anonymous Symbol]                       0x08001bc8   Section        0  main.o(.text.send_speed_diag_status)
    send_speed_ok_status                     0x08001c01   Thumb Code    50  main.o(.text.send_speed_ok_status)
    [Anonymous Symbol]                       0x08001c00   Section        0  main.o(.text.send_speed_ok_status)
    send_track_status                        0x08001c35   Thumb Code    84  main.o(.text.send_track_status)
    [Anonymous Symbol]                       0x08001c34   Section        0  main.o(.text.send_track_status)
    [Anonymous Symbol]                       0x08001c90   Section        0  mycar.o(.text.stop)
    track_base_speed                         0x08001cd5   Thumb Code     8  track.o(.text.track_base_speed)
    [Anonymous Symbol]                       0x08001cd4   Section        0  track.o(.text.track_base_speed)
    [Anonymous Symbol]                       0x08001cdc   Section        0  track.o(.text.track_clear_hold)
    track_drive_forward                      0x08001cf5   Thumb Code    12  track.o(.text.track_drive_forward)
    [Anonymous Symbol]                       0x08001cf4   Section        0  track.o(.text.track_drive_forward)
    track_get_stable_pattern                 0x08001d01   Thumb Code    66  track.o(.text.track_get_stable_pattern)
    [Anonymous Symbol]                       0x08001d00   Section        0  track.o(.text.track_get_stable_pattern)
    [Anonymous Symbol]                       0x08001d44   Section        0  track.o(.text.track_init)
    track_normalize_level                    0x08001db9   Thumb Code    10  track.o(.text.track_normalize_level)
    [Anonymous Symbol]                       0x08001db8   Section        0  track.o(.text.track_normalize_level)
    track_pattern_from_inputs                0x08001dc5   Thumb Code    12  track.o(.text.track_pattern_from_inputs)
    [Anonymous Symbol]                       0x08001dc4   Section        0  track.o(.text.track_pattern_from_inputs)
    [Anonymous Symbol]                       0x08001dd0   Section        0  track.o(.text.track_read_left)
    track_read_left_physical                 0x08001dd9   Thumb Code    12  track.o(.text.track_read_left_physical)
    [Anonymous Symbol]                       0x08001dd8   Section        0  track.o(.text.track_read_left_physical)
    track_read_left_raw                      0x08001de5   Thumb Code    18  track.o(.text.track_read_left_raw)
    [Anonymous Symbol]                       0x08001de4   Section        0  track.o(.text.track_read_left_raw)
    [Anonymous Symbol]                       0x08001df8   Section        0  track.o(.text.track_read_mid)
    track_read_mid_physical                  0x08001e01   Thumb Code    12  track.o(.text.track_read_mid_physical)
    [Anonymous Symbol]                       0x08001e00   Section        0  track.o(.text.track_read_mid_physical)
    track_read_mid_raw                       0x08001e0d   Thumb Code    18  track.o(.text.track_read_mid_raw)
    [Anonymous Symbol]                       0x08001e0c   Section        0  track.o(.text.track_read_mid_raw)
    track_read_pattern_raw                   0x08001e21   Thumb Code    28  track.o(.text.track_read_pattern_raw)
    [Anonymous Symbol]                       0x08001e20   Section        0  track.o(.text.track_read_pattern_raw)
    [Anonymous Symbol]                       0x08001e3c   Section        0  track.o(.text.track_read_right)
    track_read_right_physical                0x08001e45   Thumb Code    12  track.o(.text.track_read_right_physical)
    [Anonymous Symbol]                       0x08001e44   Section        0  track.o(.text.track_read_right_physical)
    track_read_right_raw                     0x08001e51   Thumb Code    18  track.o(.text.track_read_right_raw)
    [Anonymous Symbol]                       0x08001e50   Section        0  track.o(.text.track_read_right_raw)
    [Anonymous Symbol]                       0x08001e64   Section        0  track.o(.text.track_run_step)
    track_scale_speed                        0x08001f45   Thumb Code    34  track.o(.text.track_scale_speed)
    [Anonymous Symbol]                       0x08001f44   Section        0  track.o(.text.track_scale_speed)
    [Anonymous Symbol]                       0x08001f68   Section        0  track.o(.text.track_should_hold)
    ultrasonic_delay_us                      0x08001f75   Thumb Code    78  ultrasonic.o(.text.ultrasonic_delay_us)
    [Anonymous Symbol]                       0x08001f74   Section        0  ultrasonic.o(.text.ultrasonic_delay_us)
    [Anonymous Symbol]                       0x08001fc4   Section        0  ultrasonic.o(.text.ultrasonic_get_distance_mm)
    [Anonymous Symbol]                       0x0800205c   Section        0  ultrasonic.o(.text.ultrasonic_init)
    [Anonymous Symbol]                       0x080020a8   Section        0  myusart.o(.text.usart_init)
    watchdog_init                            0x0800214d   Thumb Code    34  main.o(.text.watchdog_init)
    [Anonymous Symbol]                       0x0800214c   Section        0  main.o(.text.watchdog_init)
    ADCPrescTable                            0x0800216e   Data           4  stm32f10x_rcc.o(.rodata.ADCPrescTable)
    [Anonymous Symbol]                       0x0800216e   Section        0  stm32f10x_rcc.o(.rodata.ADCPrescTable)
    APBAHBPrescTable                         0x08002172   Data          16  stm32f10x_rcc.o(.rodata.APBAHBPrescTable)
    [Anonymous Symbol]                       0x08002172   Section        0  stm32f10x_rcc.o(.rodata.APBAHBPrescTable)
    .L.str.18                                0x08002182   Data          21  main.o(.rodata.str1.1)
    [Anonymous Symbol]                       0x08002182   Section        0  main.o(.rodata.str1.1)
    .L.str.16                                0x08002197   Data          23  main.o(.rodata.str1.1)
    .L.str.19                                0x080021f2   Data          25  main.o(.rodata.str1.1)
    .L.str.5                                 0x0800220b   Data           9  main.o(.rodata.str1.1)
    .L.str.7                                 0x08002214   Data          11  main.o(.rodata.str1.1)
    car_left_speed_percent                   0x20000004   Data           1  mycar.o(.data.car_left_speed_percent)
    [Anonymous Symbol]                       0x20000004   Section        0  mycar.o(.data.car_left_speed_percent)
    car_right_speed_percent                  0x20000005   Data           1  mycar.o(.data.car_right_speed_percent)
    [Anonymous Symbol]                       0x20000005   Section        0  mycar.o(.data.car_right_speed_percent)
    car_speed_percent                        0x20000006   Data           1  mycar.o(.data.car_speed_percent)
    [Anonymous Symbol]                       0x20000006   Section        0  mycar.o(.data.car_speed_percent)
    .bss                                     0x20000008   Section       96  libspace.o(.bss)
    bt_rx_buffer                             0x20000068   Data         128  myusart.o(.bss.bt_rx_buffer)
    [Anonymous Symbol]                       0x20000068   Section        0  myusart.o(.bss.bt_rx_buffer)
    bt_rx_head                               0x200000e8   Data           2  myusart.o(.bss.bt_rx_head)
    [Anonymous Symbol]                       0x200000e8   Section        0  myusart.o(.bss.bt_rx_head)
    bt_rx_overflow_count                     0x200000ec   Data           4  myusart.o(.bss.bt_rx_overflow_count)
    [Anonymous Symbol]                       0x200000ec   Section        0  myusart.o(.bss.bt_rx_overflow_count)
    bt_rx_tail                               0x200000f0   Data           2  myusart.o(.bss.bt_rx_tail)
    [Anonymous Symbol]                       0x200000f0   Section        0  myusart.o(.bss.bt_rx_tail)
    car_motion_active                        0x200000f2   Data           1  mycar.o(.bss.car_motion_active)
    [Anonymous Symbol]                       0x200000f2   Section        0  mycar.o(.bss.car_motion_active)
    track_hold_requested                     0x200000f8   Data           1  track.o(.bss.track_hold_requested)
    [Anonymous Symbol]                       0x200000f8   Section        0  track.o(.bss.track_hold_requested)
    track_hold_start_ms                      0x200000fc   Data           4  track.o(.bss.track_hold_start_ms)
    [Anonymous Symbol]                       0x200000fc   Section        0  track.o(.bss.track_hold_start_ms)
    track_pending_count                      0x20000100   Data           1  track.o(.bss.track_pending_count)
    [Anonymous Symbol]                       0x20000100   Section        0  track.o(.bss.track_pending_count)
    track_pending_pattern                    0x20000101   Data           1  track.o(.bss.track_pending_pattern)
    [Anonymous Symbol]                       0x20000101   Section        0  track.o(.bss.track_pending_pattern)
    track_stable_pattern                     0x20000102   Data           1  track.o(.bss.track_stable_pattern)
    [Anonymous Symbol]                       0x20000102   Section        0  track.o(.bss.track_stable_pattern)
    Heap_Mem                                 0x20000108   Data         512  startup_stm32f10x_md.o(HEAP)
    HEAP                                     0x20000108   Section      512  startup_stm32f10x_md.o(HEAP)
    Stack_Mem                                0x20000308   Data        1024  startup_stm32f10x_md.o(STACK)
    STACK                                    0x20000308   Section     1024  startup_stm32f10x_md.o(STACK)
    __initial_sp                             0x20000708   Data           0  startup_stm32f10x_md.o(STACK)

    Global Symbols

    Symbol Name                              Value     Ov Type        Size  Object(Section)

    BuildAttributes$$THM_ISAv4$P$D$K$B$S$PE$A:L22UL41UL21$X:L11$S22US41US21$IEEE1$IW$~IW$USESV6$~STKCKD$USESV7$~SHL$OTIME$ROPI$EBA8$UX$STANDARDLIB$REQ8$PRES8$EABIv2 0x00000000   Number         0  anon$$obj.o ABSOLUTE
    __fp_init_empty                          0x00000000   Number         0  fpinit_empty.o ABSOLUTE
    __ARM_exceptions_init                     - Undefined Weak Reference
    __alloca_initialize                       - Undefined Weak Reference
    __arm_preinit_                            - Undefined Weak Reference
    __cpp_initialize__aeabi_                  - Undefined Weak Reference
    __cxa_finalize                            - Undefined Weak Reference
    __rt_locale                               - Undefined Weak Reference
    __sigvec_lookup                           - Undefined Weak Reference
    _atexit_init                              - Undefined Weak Reference
    _call_atexit_fns                          - Undefined Weak Reference
    _clock_init                               - Undefined Weak Reference
    _fp_trap_init                             - Undefined Weak Reference
    _fp_trap_shutdown                         - Undefined Weak Reference
    _get_lc_collate                           - Undefined Weak Reference
    _get_lc_ctype                             - Undefined Weak Reference
    _get_lc_monetary                          - Undefined Weak Reference
    _get_lc_numeric                           - Undefined Weak Reference
    _get_lc_time                              - Undefined Weak Reference
    _getenv_init                              - Undefined Weak Reference
    _handle_redirection                       - Undefined Weak Reference
    _init_alloc                               - Undefined Weak Reference
    _init_user_alloc                          - Undefined Weak Reference
    _initio                                   - Undefined Weak Reference
    _rand_init                                - Undefined Weak Reference
    _signal_finish                            - Undefined Weak Reference
    _signal_init                              - Undefined Weak Reference
    _terminate_alloc                          - Undefined Weak Reference
    _terminate_user_alloc                     - Undefined Weak Reference
    _terminateio                              - Undefined Weak Reference
    __Vectors_Size                           0x000000ec   Number         0  startup_stm32f10x_md.o ABSOLUTE
    __Vectors                                0x08000000   Data           4  startup_stm32f10x_md.o(RESET)
    __Vectors_End                            0x080000ec   Data           0  startup_stm32f10x_md.o(RESET)
    __main                                   0x080000ed   Thumb Code     8  __main.o(!!!main)
    __scatterload                            0x080000f5   Thumb Code     0  __scatter.o(!!!scatter)
    __scatterload_rt2                        0x080000f5   Thumb Code    44  __scatter.o(!!!scatter)
    __scatterload_rt2_thumb_only             0x080000f5   Thumb Code     0  __scatter.o(!!!scatter)
    __scatterload_null                       0x08000103   Thumb Code     0  __scatter.o(!!!scatter)
    __scatterload_copy                       0x08000129   Thumb Code    26  __scatter_copy.o(!!handler_copy)
    __scatterload_zeroinit                   0x08000145   Thumb Code    28  __scatter_zi.o(!!handler_zi)
    __rt_lib_init                            0x08000161   Thumb Code     0  libinit.o(.ARM.Collect$$libinit$$00000000)
    __rt_lib_init_alloca_1                   0x08000163   Thumb Code     0  libinit2.o(.ARM.Collect$$libinit$$0000002E)
    __rt_lib_init_argv_1                     0x08000163   Thumb Code     0  libinit2.o(.ARM.Collect$$libinit$$0000002C)
    __rt_lib_init_atexit_1                   0x08000163   Thumb Code     0  libinit2.o(.ARM.Collect$$libinit$$0000001B)
    __rt_lib_init_clock_1                    0x08000163   Thumb Code     0  libinit2.o(.ARM.Collect$$libinit$$00000021)
    __rt_lib_init_cpp_1                      0x08000163   Thumb Code     0  libinit2.o(.ARM.Collect$$libinit$$00000032)
    __rt_lib_init_exceptions_1               0x08000163   Thumb Code     0  libinit2.o(.ARM.Collect$$libinit$$00000030)
    __rt_lib_init_fp_1                       0x08000163   Thumb Code     0  libinit2.o(.ARM.Collect$$libinit$$00000002)
    __rt_lib_init_fp_trap_1                  0x08000163   Thumb Code     0  libinit2.o(.ARM.Collect$$libinit$$0000001F)
    __rt_lib_init_getenv_1                   0x08000163   Thumb Code     0  libinit2.o(.ARM.Collect$$libinit$$00000023)
    __rt_lib_init_heap_1                     0x08000163   Thumb Code     0  libinit2.o(.ARM.Collect$$libinit$$0000000A)
    __rt_lib_init_lc_collate_1               0x08000163   Thumb Code     0  libinit2.o(.ARM.Collect$$libinit$$00000011)
    __rt_lib_init_lc_ctype_1                 0x08000163   Thumb Code     0  libinit2.o(.ARM.Collect$$libinit$$00000013)
    __rt_lib_init_lc_monetary_1              0x08000163   Thumb Code     0  libinit2.o(.ARM.Collect$$libinit$$00000015)
    __rt_lib_init_lc_numeric_1               0x08000163   Thumb Code     0  libinit2.o(.ARM.Collect$$libinit$$00000017)
    __rt_lib_init_lc_time_1                  0x08000163   Thumb Code     0  libinit2.o(.ARM.Collect$$libinit$$00000019)
    __rt_lib_init_preinit_1                  0x08000163   Thumb Code     0  libinit2.o(.ARM.Collect$$libinit$$00000004)
    __rt_lib_init_rand_1                     0x08000163   Thumb Code     0  libinit2.o(.ARM.Collect$$libinit$$0000000E)
    __rt_lib_init_return                     0x08000163   Thumb Code     0  libinit2.o(.ARM.Collect$$libinit$$00000033)
    __rt_lib_init_signal_1                   0x08000163   Thumb Code     0  libinit2.o(.ARM.Collect$$libinit$$0000001D)
    __rt_lib_init_stdio_1                    0x08000163   Thumb Code     0  libinit2.o(.ARM.Collect$$libinit$$00000025)
    __rt_lib_init_user_alloc_1               0x08000163   Thumb Code     0  libinit2.o(.ARM.Collect$$libinit$$0000000C)
    __rt_lib_shutdown                        0x08000165   Thumb Code     0  libshutdown.o(.ARM.Collect$$libshutdown$$00000000)
    __rt_lib_shutdown_cpp_1                  0x08000167   Thumb Code     0  libshutdown2.o(.ARM.Collect$$libshutdown$$00000002)
    __rt_lib_shutdown_fp_trap_1              0x08000167   Thumb Code     0  libshutdown2.o(.ARM.Collect$$libshutdown$$00000007)
    __rt_lib_shutdown_heap_1                 0x08000167   Thumb Code     0  libshutdown2.o(.ARM.Collect$$libshutdown$$0000000F)
    __rt_lib_shutdown_return                 0x08000167   Thumb Code     0  libshutdown2.o(.ARM.Collect$$libshutdown$$00000010)
    __rt_lib_shutdown_signal_1               0x08000167   Thumb Code     0  libshutdown2.o(.ARM.Collect$$libshutdown$$0000000A)
    __rt_lib_shutdown_stdio_1                0x08000167   Thumb Code     0  libshutdown2.o(.ARM.Collect$$libshutdown$$00000004)
    __rt_lib_shutdown_user_alloc_1           0x08000167   Thumb Code     0  libshutdown2.o(.ARM.Collect$$libshutdown$$0000000C)
    __rt_entry                               0x08000169   Thumb Code     0  __rtentry.o(.ARM.Collect$$rtentry$$00000000)
    __rt_entry_presh_1                       0x08000169   Thumb Code     0  __rtentry2.o(.ARM.Collect$$rtentry$$00000002)
    __rt_entry_sh                            0x08000169   Thumb Code     0  __rtentry4.o(.ARM.Collect$$rtentry$$00000004)
    __rt_entry_li                            0x0800016f   Thumb Code     0  __rtentry2.o(.ARM.Collect$$rtentry$$0000000A)
    __rt_entry_postsh_1                      0x0800016f   Thumb Code     0  __rtentry2.o(.ARM.Collect$$rtentry$$00000009)
    __rt_entry_main                          0x08000173   Thumb Code     0  __rtentry2.o(.ARM.Collect$$rtentry$$0000000D)
    __rt_entry_postli_1                      0x08000173   Thumb Code     0  __rtentry2.o(.ARM.Collect$$rtentry$$0000000C)
    __rt_exit                                0x0800017b   Thumb Code     0  rtexit.o(.ARM.Collect$$rtexit$$00000000)
    __rt_exit_ls                             0x0800017d   Thumb Code     0  rtexit2.o(.ARM.Collect$$rtexit$$00000003)
    __rt_exit_prels_1                        0x0800017d   Thumb Code     0  rtexit2.o(.ARM.Collect$$rtexit$$00000002)
    __rt_exit_exit                           0x08000181   Thumb Code     0  rtexit2.o(.ARM.Collect$$rtexit$$00000004)
    Reset_Handler                            0x08000189   Thumb Code     8  startup_stm32f10x_md.o(.text)
    ADC1_2_IRQHandler                        0x080001a3   Thumb Code     0  startup_stm32f10x_md.o(.text)
    CAN1_RX1_IRQHandler                      0x080001a3   Thumb Code     0  startup_stm32f10x_md.o(.text)
    CAN1_SCE_IRQHandler                      0x080001a3   Thumb Code     0  startup_stm32f10x_md.o(.text)
    DMA1_Channel1_IRQHandler                 0x080001a3   Thumb Code     0  startup_stm32f10x_md.o(.text)
    DMA1_Channel2_IRQHandler                 0x080001a3   Thumb Code     0  startup_stm32f10x_md.o(.text)
    DMA1_Channel3_IRQHandler                 0x080001a3   Thumb Code     0  startup_stm32f10x_md.o(.text)
    DMA1_Channel4_IRQHandler                 0x080001a3   Thumb Code     0  startup_stm32f10x_md.o(.text)
    DMA1_Channel5_IRQHandler                 0x080001a3   Thumb Code     0  startup_stm32f10x_md.o(.text)
    DMA1_Channel6_IRQHandler                 0x080001a3   Thumb Code     0  startup_stm32f10x_md.o(.text)
    DMA1_Channel7_IRQHandler                 0x080001a3   Thumb Code     0  startup_stm32f10x_md.o(.text)
    EXTI0_IRQHandler                         0x080001a3   Thumb Code     0  startup_stm32f10x_md.o(.text)
    EXTI1_IRQHandler                         0x080001a3   Thumb Code     0  startup_stm32f10x_md.o(.text)
    EXTI2_IRQHandler                         0x080001a3   Thumb Code     0  startup_stm32f10x_md.o(.text)
    EXTI3_IRQHandler                         0x080001a3   Thumb Code     0  startup_stm32f10x_md.o(.text)
    EXTI4_IRQHandler                         0x080001a3   Thumb Code     0  startup_stm32f10x_md.o(.text)
    EXTI9_5_IRQHandler                       0x080001a3   Thumb Code     0  startup_stm32f10x_md.o(.text)
    FLASH_IRQHandler                         0x080001a3   Thumb Code     0  startup_stm32f10x_md.o(.text)
    I2C1_ER_IRQHandler                       0x080001a3   Thumb Code     0  startup_stm32f10x_md.o(.text)
    I2C1_EV_IRQHandler                       0x080001a3   Thumb Code     0  startup_stm32f10x_md.o(.text)
    I2C2_ER_IRQHandler                       0x080001a3   Thumb Code     0  startup_stm32f10x_md.o(.text)
    I2C2_EV_IRQHandler                       0x080001a3   Thumb Code     0  startup_stm32f10x_md.o(.text)
    PVD_IRQHandler                           0x080001a3   Thumb Code     0  startup_stm32f10x_md.o(.text)
    RCC_IRQHandler                           0x080001a3   Thumb Code     0  startup_stm32f10x_md.o(.text)
    RTCAlarm_IRQHandler                      0x080001a3   Thumb Code     0  startup_stm32f10x_md.o(.text)
    RTC_IRQHandler                           0x080001a3   Thumb Code     0  startup_stm32f10x_md.o(.text)
    SPI1_IRQHandler                          0x080001a3   Thumb Code     0  startup_stm32f10x_md.o(.text)
    SPI2_IRQHandler                          0x080001a3   Thumb Code     0  startup_stm32f10x_md.o(.text)
    TAMPER_IRQHandler                        0x080001a3   Thumb Code     0  startup_stm32f10x_md.o(.text)
    TIM1_BRK_IRQHandler                      0x080001a3   Thumb Code     0  startup_stm32f10x_md.o(.text)
    TIM1_CC_IRQHandler                       0x080001a3   Thumb Code     0  startup_stm32f10x_md.o(.text)
    TIM1_TRG_COM_IRQHandler                  0x080001a3   Thumb Code     0  startup_stm32f10x_md.o(.text)
    TIM1_UP_IRQHandler                       0x080001a3   Thumb Code     0  startup_stm32f10x_md.o(.text)
    TIM2_IRQHandler                          0x080001a3   Thumb Code     0  startup_stm32f10x_md.o(.text)
    TIM3_IRQHandler                          0x080001a3   Thumb Code     0  startup_stm32f10x_md.o(.text)
    TIM4_IRQHandler                          0x080001a3   Thumb Code     0  startup_stm32f10x_md.o(.text)
    USART2_IRQHandler                        0x080001a3   Thumb Code     0  startup_stm32f10x_md.o(.text)
    USBWakeUp_IRQHandler                     0x080001a3   Thumb Code     0  startup_stm32f10x_md.o(.text)
    USB_HP_CAN1_TX_IRQHandler                0x080001a3   Thumb Code     0  startup_stm32f10x_md.o(.text)
    USB_LP_CAN1_RX0_IRQHandler               0x080001a3   Thumb Code     0  startup_stm32f10x_md.o(.text)
    WWDG_IRQHandler                          0x080001a3   Thumb Code     0  startup_stm32f10x_md.o(.text)
    __user_initial_stackheap                 0x080001a5   Thumb Code     0  startup_stm32f10x_md.o(.text)
    memcmp                                   0x080001c9   Thumb Code    88  memcmp.o(.text)
    strlen                                   0x08000221   Thumb Code    62  strlen.o(.text)
    strcmp                                   0x08000261   Thumb Code   128  strcmpv7m.o(.text)
    __use_two_region_memory                  0x080002e1   Thumb Code     2  heapauxi.o(.text)
    __rt_heap_escrow$2region                 0x080002e3   Thumb Code     2  heapauxi.o(.text)
    __rt_heap_expand$2region                 0x080002e5   Thumb Code     2  heapauxi.o(.text)
    __user_setup_stackheap                   0x080002e7   Thumb Code    74  sys_stackheap_outer.o(.text)
    exit                                     0x08000331   Thumb Code    18  exit.o(.text)
    __user_libspace                          0x08000345   Thumb Code     8  libspace.o(.text)
    __user_perproc_libspace                  0x08000345   Thumb Code     0  libspace.o(.text)
    __user_perthread_libspace                0x08000345   Thumb Code     0  libspace.o(.text)
    _sys_exit                                0x0800034d   Thumb Code     8  sys_exit.o(.text)
    __I$use$semihosting                      0x08000359   Thumb Code     0  use_no_semi.o(.text)
    __use_no_semihosting_swi                 0x08000359   Thumb Code     2  use_no_semi.o(.text)
    __semihosting_library_function           0x0800035b   Thumb Code     0  indicate_semi.o(.text)
    BusFault_Handler                         0x0800035d   Thumb Code     2  stm32f10x_it.o(.text.BusFault_Handler)
    DebugMon_Handler                         0x08000361   Thumb Code     2  stm32f10x_it.o(.text.DebugMon_Handler)
    EXTI15_10_IRQHandler                     0x08000365   Thumb Code     2  stm32f10x_it.o(.text.EXTI15_10_IRQHandler)
    GPIO_Init                                0x08000369   Thumb Code   176  stm32f10x_gpio.o(.text.GPIO_Init)
    GPIO_ReadInputDataBit                    0x08000419   Thumb Code    10  stm32f10x_gpio.o(.text.GPIO_ReadInputDataBit)
    GPIO_ResetBits                           0x08000425   Thumb Code     4  stm32f10x_gpio.o(.text.GPIO_ResetBits)
    GPIO_SetBits                             0x08000429   Thumb Code     4  stm32f10x_gpio.o(.text.GPIO_SetBits)
    HardFault_Handler                        0x0800042d   Thumb Code     2  stm32f10x_it.o(.text.HardFault_Handler)
    IWDG_Enable                              0x08000431   Thumb Code    16  stm32f10x_iwdg.o(.text.IWDG_Enable)
    IWDG_ReloadCounter                       0x08000441   Thumb Code    16  stm32f10x_iwdg.o(.text.IWDG_ReloadCounter)
    IWDG_SetPrescaler                        0x08000451   Thumb Code    12  stm32f10x_iwdg.o(.text.IWDG_SetPrescaler)
    IWDG_SetReload                           0x0800045d   Thumb Code    12  stm32f10x_iwdg.o(.text.IWDG_SetReload)
    IWDG_WriteAccessCmd                      0x08000469   Thumb Code    12  stm32f10x_iwdg.o(.text.IWDG_WriteAccessCmd)
    MemManage_Handler                        0x080004a9   Thumb Code     2  stm32f10x_it.o(.text.MemManage_Handler)
    NMI_Handler                              0x080004ad   Thumb Code     2  stm32f10x_it.o(.text.NMI_Handler)
    NVIC_Init                                0x080004b1   Thumb Code    94  misc.o(.text.NVIC_Init)
    NVIC_PriorityGroupConfig                 0x08000511   Thumb Code    20  misc.o(.text.NVIC_PriorityGroupConfig)
    PendSV_Handler                           0x08000525   Thumb Code     2  stm32f10x_it.o(.text.PendSV_Handler)
    RCC_APB1PeriphClockCmd                   0x08000529   Thumb Code    24  stm32f10x_rcc.o(.text.RCC_APB1PeriphClockCmd)
    RCC_APB2PeriphClockCmd                   0x08000541   Thumb Code    24  stm32f10x_rcc.o(.text.RCC_APB2PeriphClockCmd)
    RCC_ClearFlag                            0x08000559   Thumb Code    18  stm32f10x_rcc.o(.text.RCC_ClearFlag)
    RCC_GetClocksFreq                        0x0800056d   Thumb Code   160  stm32f10x_rcc.o(.text.RCC_GetClocksFreq)
    RCC_GetFlagStatus                        0x0800060d   Thumb Code    42  stm32f10x_rcc.o(.text.RCC_GetFlagStatus)
    SVC_Handler                              0x08000639   Thumb Code     2  stm32f10x_it.o(.text.SVC_Handler)
    SysTick_Handler                          0x08000729   Thumb Code    16  stm32f10x_it.o(.text.SysTick_Handler)
    SystemInit                               0x08000739   Thumb Code    86  system_stm32f10x.o(.text.SystemInit)
    TIM_ARRPreloadConfig                     0x08000791   Thumb Code    20  stm32f10x_tim.o(.text.TIM_ARRPreloadConfig)
    TIM_Cmd                                  0x080007a5   Thumb Code    18  stm32f10x_tim.o(.text.TIM_Cmd)
    TIM_OC3Init                              0x080007b9   Thumb Code   120  stm32f10x_tim.o(.text.TIM_OC3Init)
    TIM_OC3PreloadConfig                     0x08000831   Thumb Code    12  stm32f10x_tim.o(.text.TIM_OC3PreloadConfig)
    TIM_OC4Init                              0x0800083d   Thumb Code    94  stm32f10x_tim.o(.text.TIM_OC4Init)
    TIM_OC4PreloadConfig                     0x0800089d   Thumb Code    14  stm32f10x_tim.o(.text.TIM_OC4PreloadConfig)
    TIM_OCStructInit                         0x080008ad   Thumb Code    12  stm32f10x_tim.o(.text.TIM_OCStructInit)
    TIM_SetCompare3                          0x080008b9   Thumb Code     4  stm32f10x_tim.o(.text.TIM_SetCompare3)
    TIM_SetCompare4                          0x080008bd   Thumb Code     6  stm32f10x_tim.o(.text.TIM_SetCompare4)
    TIM_TimeBaseInit                         0x080008c5   Thumb Code   170  stm32f10x_tim.o(.text.TIM_TimeBaseInit)
    TIM_TimeBaseStructInit                   0x08000971   Thumb Code    20  stm32f10x_tim.o(.text.TIM_TimeBaseStructInit)
    USART1_IRQHandler                        0x08000985   Thumb Code     2  stm32f10x_it.o(.text.USART1_IRQHandler)
    USART3_IRQHandler                        0x08000989   Thumb Code     8  stm32f10x_it.o(.text.USART3_IRQHandler)
    USART_ClearFlag                          0x08000991   Thumb Code     6  stm32f10x_usart.o(.text.USART_ClearFlag)
    USART_Cmd                                0x08000999   Thumb Code    20  stm32f10x_usart.o(.text.USART_Cmd)
    USART_GetFlagStatus                      0x080009ad   Thumb Code    10  stm32f10x_usart.o(.text.USART_GetFlagStatus)
    USART_GetITStatus                        0x080009b9   Thumb Code    48  stm32f10x_usart.o(.text.USART_GetITStatus)
    USART_ITConfig                           0x080009e9   Thumb Code    46  stm32f10x_usart.o(.text.USART_ITConfig)
    USART_Init                               0x08000a19   Thumb Code   182  stm32f10x_usart.o(.text.USART_Init)
    USART_ReceiveData                        0x08000ad1   Thumb Code     8  stm32f10x_usart.o(.text.USART_ReceiveData)
    USART_SendData                           0x08000ad9   Thumb Code     8  stm32f10x_usart.o(.text.USART_SendData)
    UsageFault_Handler                       0x08000ae1   Thumb Code     2  stm32f10x_it.o(.text.UsageFault_Handler)
    car_backward                             0x08000bf5   Thumb Code    76  mycar.o(.text.car_backward)
    car_forward                              0x08000c41   Thumb Code     8  mycar.o(.text.car_forward)
    car_get_default_speed                    0x08000c49   Thumb Code     4  mycar.o(.text.car_get_default_speed)
    car_get_speed                            0x08000c4d   Thumb Code    12  mycar.o(.text.car_get_speed)
    car_left                                 0x08000c59   Thumb Code    76  mycar.o(.text.car_left)
    car_right                                0x08000ca5   Thumb Code    76  mycar.o(.text.car_right)
    car_set_speed                            0x08000cf1   Thumb Code    44  mycar.o(.text.car_set_speed)
    car_set_speed_lr                         0x08000d1d   Thumb Code    42  mycar.o(.text.car_set_speed_lr)
    go                                       0x08000d49   Thumb Code    76  mycar.o(.text.go)
    main                                     0x08000d95   Thumb Code  1620  main.o(.text.main)
    my_send                                  0x080014c9   Thumb Code    58  myusart.o(.text.my_send)
    my_send_string                           0x08001505   Thumb Code    28  myusart.o(.text.my_send_string)
    my_usart_irq_handler                     0x08001521   Thumb Code   122  myusart.o(.text.my_usart_irq_handler)
    my_usart_read_byte                       0x0800159d   Thumb Code    56  myusart.o(.text.my_usart_read_byte)
    my_usart_rx_overflow_count               0x080015d5   Thumb Code    12  myusart.o(.text.my_usart_rx_overflow_count)
    mycar_init                               0x080015e1   Thumb Code   190  mycar.o(.text.mycar_init)
    stop                                     0x08001c91   Thumb Code    68  mycar.o(.text.stop)
    track_clear_hold                         0x08001cdd   Thumb Code    24  track.o(.text.track_clear_hold)
    track_init                               0x08001d45   Thumb Code   116  track.o(.text.track_init)
    track_read_left                          0x08001dd1   Thumb Code     8  track.o(.text.track_read_left)
    track_read_mid                           0x08001df9   Thumb Code     8  track.o(.text.track_read_mid)
    track_read_right                         0x08001e3d   Thumb Code     8  track.o(.text.track_read_right)
    track_run_step                           0x08001e65   Thumb Code   222  track.o(.text.track_run_step)
    track_should_hold                        0x08001f69   Thumb Code    12  track.o(.text.track_should_hold)
    ultrasonic_get_distance_mm               0x08001fc5   Thumb Code   150  ultrasonic.o(.text.ultrasonic_get_distance_mm)
    ultrasonic_init                          0x0800205d   Thumb Code    76  ultrasonic.o(.text.ultrasonic_init)
    usart_init                               0x080020a9   Thumb Code   162  myusart.o(.text.usart_init)
    Region$$Table$$Base                      0x08002220   Number         0  anon$$obj.o(Region$$Table)
    Region$$Table$$Limit                     0x08002240   Number         0  anon$$obj.o(Region$$Table)
    SystemCoreClock                          0x20000000   Data           4  system_stm32f10x.o(.data.SystemCoreClock)
    __libspace_start                         0x20000008   Data          96  libspace.o(.bss)
    __temporary_stack_top$libspace           0x20000068   Data           0  libspace.o(.bss)
    system_ms                                0x200000f4   Data           4  stm32f10x_it.o(.bss.system_ms)



==============================================================================

Memory Map of the image

  Image Entry point : 0x080000ed

  Load Region LR_IROM1 (Base: 0x08000000, Size: 0x00002248, Max: 0x00010000, ABSOLUTE)

    Execution Region ER_IROM1 (Exec base: 0x08000000, Load base: 0x08000000, Size: 0x00002240, Max: 0x00010000, ABSOLUTE)

    Exec Addr    Load Addr    Size         Type   Attr      Idx    E Section Name        Object

    0x08000000   0x08000000   0x000000ec   Data   RO          236    RESET               startup_stm32f10x_md.o
    0x080000ec   0x080000ec   0x00000008   Code   RO          723  * !!!main             c_w.l(__main.o)
    0x080000f4   0x080000f4   0x00000034   Code   RO          886    !!!scatter          c_w.l(__scatter.o)
    0x08000128   0x08000128   0x0000001a   Code   RO          888    !!handler_copy      c_w.l(__scatter_copy.o)
    0x08000142   0x08000142   0x00000002   PAD
    0x08000144   0x08000144   0x0000001c   Code   RO          890    !!handler_zi        c_w.l(__scatter_zi.o)
    0x08000160   0x08000160   0x00000002   Code   RO          750    .ARM.Collect$$libinit$$00000000  c_w.l(libinit.o)
    0x08000162   0x08000162   0x00000000   Code   RO          757    .ARM.Collect$$libinit$$00000002  c_w.l(libinit2.o)
    0x08000162   0x08000162   0x00000000   Code   RO          759    .ARM.Collect$$libinit$$00000004  c_w.l(libinit2.o)
    0x08000162   0x08000162   0x00000000   Code   RO          762    .ARM.Collect$$libinit$$0000000A  c_w.l(libinit2.o)
    0x08000162   0x08000162   0x00000000   Code   RO          764    .ARM.Collect$$libinit$$0000000C  c_w.l(libinit2.o)
    0x08000162   0x08000162   0x00000000   Code   RO          766    .ARM.Collect$$libinit$$0000000E  c_w.l(libinit2.o)
    0x08000162   0x08000162   0x00000000   Code   RO          769    .ARM.Collect$$libinit$$00000011  c_w.l(libinit2.o)
    0x08000162   0x08000162   0x00000000   Code   RO          771    .ARM.Collect$$libinit$$00000013  c_w.l(libinit2.o)
    0x08000162   0x08000162   0x00000000   Code   RO          773    .ARM.Collect$$libinit$$00000015  c_w.l(libinit2.o)
    0x08000162   0x08000162   0x00000000   Code   RO          775    .ARM.Collect$$libinit$$00000017  c_w.l(libinit2.o)
    0x08000162   0x08000162   0x00000000   Code   RO          777    .ARM.Collect$$libinit$$00000019  c_w.l(libinit2.o)
    0x08000162   0x08000162   0x00000000   Code   RO          779    .ARM.Collect$$libinit$$0000001B  c_w.l(libinit2.o)
    0x08000162   0x08000162   0x00000000   Code   RO          781    .ARM.Collect$$libinit$$0000001D  c_w.l(libinit2.o)
    0x08000162   0x08000162   0x00000000   Code   RO          783    .ARM.Collect$$libinit$$0000001F  c_w.l(libinit2.o)
    0x08000162   0x08000162   0x00000000   Code   RO          785    .ARM.Collect$$libinit$$00000021  c_w.l(libinit2.o)
    0x08000162   0x08000162   0x00000000   Code   RO          787    .ARM.Collect$$libinit$$00000023  c_w.l(libinit2.o)
    0x08000162   0x08000162   0x00000000   Code   RO          789    .ARM.Collect$$libinit$$00000025  c_w.l(libinit2.o)
    0x08000162   0x08000162   0x00000000   Code   RO          793    .ARM.Collect$$libinit$$0000002C  c_w.l(libinit2.o)
    0x08000162   0x08000162   0x00000000   Code   RO          795    .ARM.Collect$$libinit$$0000002E  c_w.l(libinit2.o)
    0x08000162   0x08000162   0x00000000   Code   RO          797    .ARM.Collect$$libinit$$00000030  c_w.l(libinit2.o)
    0x08000162   0x08000162   0x00000000   Code   RO          799    .ARM.Collect$$libinit$$00000032  c_w.l(libinit2.o)
    0x08000162   0x08000162   0x00000002   Code   RO          800    .ARM.Collect$$libinit$$00000033  c_w.l(libinit2.o)
    0x08000164   0x08000164   0x00000002   Code   RO          822    .ARM.Collect$$libshutdown$$00000000  c_w.l(libshutdown.o)
    0x08000166   0x08000166   0x00000000   Code   RO          837    .ARM.Collect$$libshutdown$$00000002  c_w.l(libshutdown2.o)
    0x08000166   0x08000166   0x00000000   Code   RO          839    .ARM.Collect$$libshutdown$$00000004  c_w.l(libshutdown2.o)
    0x08000166   0x08000166   0x00000000   Code   RO          842    .ARM.Collect$$libshutdown$$00000007  c_w.l(libshutdown2.o)
    0x08000166   0x08000166   0x00000000   Code   RO          845    .ARM.Collect$$libshutdown$$0000000A  c_w.l(libshutdown2.o)
    0x08000166   0x08000166   0x00000000   Code   RO          847    .ARM.Collect$$libshutdown$$0000000C  c_w.l(libshutdown2.o)
    0x08000166   0x08000166   0x00000000   Code   RO          850    .ARM.Collect$$libshutdown$$0000000F  c_w.l(libshutdown2.o)
    0x08000166   0x08000166   0x00000002   Code   RO          851    .ARM.Collect$$libshutdown$$00000010  c_w.l(libshutdown2.o)
    0x08000168   0x08000168   0x00000000   Code   RO          725    .ARM.Collect$$rtentry$$00000000  c_w.l(__rtentry.o)
    0x08000168   0x08000168   0x00000000   Code   RO          727    .ARM.Collect$$rtentry$$00000002  c_w.l(__rtentry2.o)
    0x08000168   0x08000168   0x00000006   Code   RO          739    .ARM.Collect$$rtentry$$00000004  c_w.l(__rtentry4.o)
    0x0800016e   0x0800016e   0x00000000   Code   RO          729    .ARM.Collect$$rtentry$$00000009  c_w.l(__rtentry2.o)
    0x0800016e   0x0800016e   0x00000004   Code   RO          730    .ARM.Collect$$rtentry$$0000000A  c_w.l(__rtentry2.o)
    0x08000172   0x08000172   0x00000000   Code   RO          732    .ARM.Collect$$rtentry$$0000000C  c_w.l(__rtentry2.o)
    0x08000172   0x08000172   0x00000008   Code   RO          733    .ARM.Collect$$rtentry$$0000000D  c_w.l(__rtentry2.o)
    0x0800017a   0x0800017a   0x00000002   Code   RO          754    .ARM.Collect$$rtexit$$00000000  c_w.l(rtexit.o)
    0x0800017c   0x0800017c   0x00000000   Code   RO          802    .ARM.Collect$$rtexit$$00000002  c_w.l(rtexit2.o)
    0x0800017c   0x0800017c   0x00000004   Code   RO          803    .ARM.Collect$$rtexit$$00000003  c_w.l(rtexit2.o)
    0x08000180   0x08000180   0x00000006   Code   RO          804    .ARM.Collect$$rtexit$$00000004  c_w.l(rtexit2.o)
    0x08000186   0x08000186   0x00000002   PAD
    0x08000188   0x08000188   0x00000040   Code   RO          237    .text               startup_stm32f10x_md.o
    0x080001c8   0x080001c8   0x00000058   Code   RO          715    .text               c_w.l(memcmp.o)
    0x08000220   0x08000220   0x0000003e   Code   RO          717    .text               c_w.l(strlen.o)
    0x0800025e   0x0800025e   0x00000002   PAD
    0x08000260   0x08000260   0x00000080   Code   RO          719    .text               c_w.l(strcmpv7m.o)
    0x080002e0   0x080002e0   0x00000006   Code   RO          721    .text               c_w.l(heapauxi.o)
    0x080002e6   0x080002e6   0x0000004a   Code   RO          741    .text               c_w.l(sys_stackheap_outer.o)
    0x08000330   0x08000330   0x00000012   Code   RO          743    .text               c_w.l(exit.o)
    0x08000342   0x08000342   0x00000002   PAD
    0x08000344   0x08000344   0x00000008   Code   RO          751    .text               c_w.l(libspace.o)
    0x0800034c   0x0800034c   0x0000000c   Code   RO          812    .text               c_w.l(sys_exit.o)
    0x08000358   0x08000358   0x00000002   Code   RO          827    .text               c_w.l(use_no_semi.o)
    0x0800035a   0x0800035a   0x00000000   Code   RO          829    .text               c_w.l(indicate_semi.o)
    0x0800035a   0x0800035a   0x00000002   PAD
    0x0800035c   0x0800035c   0x00000002   Code   RO           82    .text.BusFault_Handler  stm32f10x_it.o
    0x0800035e   0x0800035e   0x00000002   PAD
    0x08000360   0x08000360   0x00000002   Code   RO           88    .text.DebugMon_Handler  stm32f10x_it.o
    0x08000362   0x08000362   0x00000002   PAD
    0x08000364   0x08000364   0x00000002   Code   RO           94    .text.EXTI15_10_IRQHandler  stm32f10x_it.o
    0x08000366   0x08000366   0x00000002   PAD
    0x08000368   0x08000368   0x000000b0   Code   RO          284    .text.GPIO_Init     stm32f10x_gpio.o
    0x08000418   0x08000418   0x0000000a   Code   RO          288    .text.GPIO_ReadInputDataBit  stm32f10x_gpio.o
    0x08000422   0x08000422   0x00000002   PAD
    0x08000424   0x08000424   0x00000004   Code   RO          298    .text.GPIO_ResetBits  stm32f10x_gpio.o
    0x08000428   0x08000428   0x00000004   Code   RO          296    .text.GPIO_SetBits  stm32f10x_gpio.o
    0x0800042c   0x0800042c   0x00000002   Code   RO           78    .text.HardFault_Handler  stm32f10x_it.o
    0x0800042e   0x0800042e   0x00000002   PAD
    0x08000430   0x08000430   0x00000010   Code   RO          662    .text.IWDG_Enable   stm32f10x_iwdg.o
    0x08000440   0x08000440   0x00000010   Code   RO          660    .text.IWDG_ReloadCounter  stm32f10x_iwdg.o
    0x08000450   0x08000450   0x0000000c   Code   RO          656    .text.IWDG_SetPrescaler  stm32f10x_iwdg.o
    0x0800045c   0x0800045c   0x0000000c   Code   RO          658    .text.IWDG_SetReload  stm32f10x_iwdg.o
    0x08000468   0x08000468   0x0000000c   Code   RO          654    .text.IWDG_WriteAccessCmd  stm32f10x_iwdg.o
    0x08000474   0x08000474   0x00000034   Code   RO            8    .text.LED_Init      main.o
    0x080004a8   0x080004a8   0x00000002   Code   RO           80    .text.MemManage_Handler  stm32f10x_it.o
    0x080004aa   0x080004aa   0x00000002   PAD
    0x080004ac   0x080004ac   0x00000002   Code   RO           76    .text.NMI_Handler   stm32f10x_it.o
    0x080004ae   0x080004ae   0x00000002   PAD
    0x080004b0   0x080004b0   0x0000005e   Code   RO          264    .text.NVIC_Init     misc.o
    0x0800050e   0x0800050e   0x00000002   PAD
    0x08000510   0x08000510   0x00000014   Code   RO          262    .text.NVIC_PriorityGroupConfig  misc.o
    0x08000524   0x08000524   0x00000002   Code   RO           90    .text.PendSV_Handler  stm32f10x_it.o
    0x08000526   0x08000526   0x00000002   PAD
    0x08000528   0x08000528   0x00000018   Code   RO          370    .text.RCC_APB1PeriphClockCmd  stm32f10x_rcc.o
    0x08000540   0x08000540   0x00000018   Code   RO          368    .text.RCC_APB2PeriphClockCmd  stm32f10x_rcc.o
    0x08000558   0x08000558   0x00000012   Code   RO          382    .text.RCC_ClearFlag  stm32f10x_rcc.o
    0x0800056a   0x0800056a   0x00000002   PAD
    0x0800056c   0x0800056c   0x000000a0   Code   RO          364    .text.RCC_GetClocksFreq  stm32f10x_rcc.o
    0x0800060c   0x0800060c   0x0000002a   Code   RO          330    .text.RCC_GetFlagStatus  stm32f10x_rcc.o
    0x08000636   0x08000636   0x00000002   PAD
    0x08000638   0x08000638   0x00000002   Code   RO           86    .text.SVC_Handler   stm32f10x_it.o
    0x0800063a   0x0800063a   0x00000002   PAD
    0x0800063c   0x0800063c   0x00000008   Code   RO          246    .text.SetSysClock   system_stm32f10x.o
    0x08000644   0x08000644   0x000000be   Code   RO          250    .text.SetSysClockTo72  system_stm32f10x.o
    0x08000702   0x08000702   0x00000002   PAD
    0x08000704   0x08000704   0x00000024   Code   RO           10    .text.SysTick_Config  main.o
    0x08000728   0x08000728   0x00000010   Code   RO           92    .text.SysTick_Handler  stm32f10x_it.o
    0x08000738   0x08000738   0x00000056   Code   RO          244    .text.SystemInit    system_stm32f10x.o
    0x0800078e   0x0800078e   0x00000002   PAD
    0x08000790   0x08000790   0x00000014   Code   RO          546    .text.TIM_ARRPreloadConfig  stm32f10x_tim.o
    0x080007a4   0x080007a4   0x00000012   Code   RO          506    .text.TIM_Cmd       stm32f10x_tim.o
    0x080007b6   0x080007b6   0x00000002   PAD
    0x080007b8   0x080007b8   0x00000078   Code   RO          472    .text.TIM_OC3Init   stm32f10x_tim.o
    0x08000830   0x08000830   0x0000000c   Code   RO          558    .text.TIM_OC3PreloadConfig  stm32f10x_tim.o
    0x0800083c   0x0800083c   0x0000005e   Code   RO          474    .text.TIM_OC4Init   stm32f10x_tim.o
    0x0800089a   0x0800089a   0x00000002   PAD
    0x0800089c   0x0800089c   0x0000000e   Code   RO          560    .text.TIM_OC4PreloadConfig  stm32f10x_tim.o
    0x080008aa   0x080008aa   0x00000002   PAD
    0x080008ac   0x080008ac   0x0000000c   Code   RO          500    .text.TIM_OCStructInit  stm32f10x_tim.o
    0x080008b8   0x080008b8   0x00000004   Code   RO          620    .text.TIM_SetCompare3  stm32f10x_tim.o
    0x080008bc   0x080008bc   0x00000006   Code   RO          622    .text.TIM_SetCompare4  stm32f10x_tim.o
    0x080008c2   0x080008c2   0x00000002   PAD
    0x080008c4   0x080008c4   0x000000aa   Code   RO          466    .text.TIM_TimeBaseInit  stm32f10x_tim.o
    0x0800096e   0x0800096e   0x00000002   PAD
    0x08000970   0x08000970   0x00000014   Code   RO          498    .text.TIM_TimeBaseStructInit  stm32f10x_tim.o
    0x08000984   0x08000984   0x00000002   Code   RO           96    .text.USART1_IRQHandler  stm32f10x_it.o
    0x08000986   0x08000986   0x00000002   PAD
    0x08000988   0x08000988   0x00000008   Code   RO           98    .text.USART3_IRQHandler  stm32f10x_it.o
    0x08000990   0x08000990   0x00000006   Code   RO          450    .text.USART_ClearFlag  stm32f10x_usart.o
    0x08000996   0x08000996   0x00000002   PAD
    0x08000998   0x08000998   0x00000014   Code   RO          408    .text.USART_Cmd     stm32f10x_usart.o
    0x080009ac   0x080009ac   0x0000000a   Code   RO          448    .text.USART_GetFlagStatus  stm32f10x_usart.o
    0x080009b6   0x080009b6   0x00000002   PAD
    0x080009b8   0x080009b8   0x00000030   Code   RO          452    .text.USART_GetITStatus  stm32f10x_usart.o
    0x080009e8   0x080009e8   0x0000002e   Code   RO          410    .text.USART_ITConfig  stm32f10x_usart.o
    0x08000a16   0x08000a16   0x00000002   PAD
    0x08000a18   0x08000a18   0x000000b6   Code   RO          400    .text.USART_Init    stm32f10x_usart.o
    0x08000ace   0x08000ace   0x00000002   PAD
    0x08000ad0   0x08000ad0   0x00000008   Code   RO          426    .text.USART_ReceiveData  stm32f10x_usart.o
    0x08000ad8   0x08000ad8   0x00000008   Code   RO          424    .text.USART_SendData  stm32f10x_usart.o
    0x08000ae0   0x08000ae0   0x00000002   Code   RO           84    .text.UsageFault_Handler  stm32f10x_it.o
    0x08000ae2   0x08000ae2   0x00000002   PAD
    0x08000ae4   0x08000ae4   0x0000000e   Code   RO           50    .text.__NVIC_SetPriority  main.o
    0x08000af2   0x08000af2   0x00000002   PAD
    0x08000af4   0x08000af4   0x0000000a   Code   RO           20    .text.abs_diff_u32  main.o
    0x08000afe   0x08000afe   0x00000002   PAD
    0x08000b00   0x08000b00   0x00000020   Code   RO           52    .text.append_text   main.o
    0x08000b20   0x08000b20   0x00000062   Code   RO           56    .text.append_uint   main.o
    0x08000b82   0x08000b82   0x00000002   PAD
    0x08000b84   0x08000b84   0x0000006e   Code   RO          140    .text.car_apply_pwm  mycar.o
    0x08000bf2   0x08000bf2   0x00000002   PAD
    0x08000bf4   0x08000bf4   0x0000004c   Code   RO          150    .text.car_backward  mycar.o
    0x08000c40   0x08000c40   0x00000008   Code   RO          148    .text.car_forward   mycar.o
    0x08000c48   0x08000c48   0x00000004   Code   RO          132    .text.car_get_default_speed  mycar.o
    0x08000c4c   0x08000c4c   0x0000000c   Code   RO          144    .text.car_get_speed  mycar.o
    0x08000c58   0x08000c58   0x0000004c   Code   RO          152    .text.car_left      mycar.o
    0x08000ca4   0x08000ca4   0x0000004c   Code   RO          154    .text.car_right     mycar.o
    0x08000cf0   0x08000cf0   0x0000002c   Code   RO          136    .text.car_set_speed  mycar.o
    0x08000d1c   0x08000d1c   0x0000002a   Code   RO          142    .text.car_set_speed_lr  mycar.o
    0x08000d46   0x08000d46   0x00000002   PAD
    0x08000d48   0x08000d48   0x0000004c   Code   RO          146    .text.go            mycar.o
    0x08000d94   0x08000d94   0x000006f4   Code   RO            2    .text.main          main.o
    0x08001488   0x08001488   0x00000008   Code   RO           60    .text.motor_backward  main.o
    0x08001490   0x08001490   0x00000008   Code   RO           58    .text.motor_forward  main.o
    0x08001498   0x08001498   0x00000008   Code   RO           42    .text.motor_go      main.o
    0x080014a0   0x080014a0   0x00000008   Code   RO            6    .text.motor_hw_init  main.o
    0x080014a8   0x080014a8   0x00000008   Code   RO           62    .text.motor_left    main.o
    0x080014b0   0x080014b0   0x00000008   Code   RO           64    .text.motor_right   main.o
    0x080014b8   0x080014b8   0x00000008   Code   RO           44    .text.motor_set_speed  main.o
    0x080014c0   0x080014c0   0x00000008   Code   RO           18    .text.motor_stop    main.o
    0x080014c8   0x080014c8   0x0000003a   Code   RO          110    .text.my_send       myusart.o
    0x08001502   0x08001502   0x00000002   PAD
    0x08001504   0x08001504   0x0000001c   Code   RO          112    .text.my_send_string  myusart.o
    0x08001520   0x08001520   0x0000007a   Code   RO          116    .text.my_usart_irq_handler  myusart.o
    0x0800159a   0x0800159a   0x00000002   PAD
    0x0800159c   0x0800159c   0x00000038   Code   RO          114    .text.my_usart_read_byte  myusart.o
    0x080015d4   0x080015d4   0x0000000c   Code   RO          118    .text.my_usart_rx_overflow_count  myusart.o
    0x080015e0   0x080015e0   0x000000be   Code   RO          134    .text.mycar_init    mycar.o
    0x0800169e   0x0800169e   0x00000002   PAD
    0x080016a0   0x080016a0   0x00000058   Code   RO           30    .text.parse_speed_command  main.o
    0x080016f8   0x080016f8   0x00000054   Code   RO           38    .text.parse_status_command  main.o
    0x0800174c   0x0800174c   0x00000090   Code   RO           32    .text.parse_track_command  main.o
    0x080017dc   0x080017dc   0x000000ac   Code   RO           34    .text.parse_user_continue_command  main.o
    0x08001888   0x08001888   0x000000ac   Code   RO           36    .text.parse_user_snapshot_command  main.o
    0x08001934   0x08001934   0x00000014   Code   RO           40    .text.restore_manual_speed_profile  main.o
    0x08001948   0x08001948   0x000000ac   Code   RO           28    .text.run_direction_command  main.o
    0x080019f4   0x080019f4   0x000000dc   Code   RO           12    .text.send_boot_status  main.o
    0x08001ad0   0x08001ad0   0x00000040   Code   RO           48    .text.send_bt_rx_overflow_status  main.o
    0x08001b10   0x08001b10   0x00000012   Code   RO           54    .text.send_control_string  main.o
    0x08001b22   0x08001b22   0x00000002   PAD
    0x08001b24   0x08001b24   0x0000003c   Code   RO           22    .text.send_distance_status  main.o
    0x08001b60   0x08001b60   0x0000002c   Code   RO           14    .text.send_mode_status  main.o
    0x08001b8c   0x08001b8c   0x0000003c   Code   RO           26    .text.send_obstacle_status  main.o
    0x08001bc8   0x08001bc8   0x00000038   Code   RO           16    .text.send_speed_diag_status  main.o
    0x08001c00   0x08001c00   0x00000032   Code   RO           46    .text.send_speed_ok_status  main.o
    0x08001c32   0x08001c32   0x00000002   PAD
    0x08001c34   0x08001c34   0x0000005c   Code   RO           24    .text.send_track_status  main.o
    0x08001c90   0x08001c90   0x00000044   Code   RO          138    .text.stop          mycar.o
    0x08001cd4   0x08001cd4   0x00000008   Code   RO          204    .text.track_base_speed  track.o
    0x08001cdc   0x08001cdc   0x00000018   Code   RO          200    .text.track_clear_hold  track.o
    0x08001cf4   0x08001cf4   0x0000000c   Code   RO          210    .text.track_drive_forward  track.o
    0x08001d00   0x08001d00   0x00000042   Code   RO          208    .text.track_get_stable_pattern  track.o
    0x08001d42   0x08001d42   0x00000002   PAD
    0x08001d44   0x08001d44   0x00000074   Code   RO          182    .text.track_init    track.o
    0x08001db8   0x08001db8   0x0000000a   Code   RO          214    .text.track_normalize_level  track.o
    0x08001dc2   0x08001dc2   0x00000002   PAD
    0x08001dc4   0x08001dc4   0x0000000c   Code   RO          212    .text.track_pattern_from_inputs  track.o
    0x08001dd0   0x08001dd0   0x00000008   Code   RO          186    .text.track_read_left  track.o
    0x08001dd8   0x08001dd8   0x0000000c   Code   RO          196    .text.track_read_left_physical  track.o
    0x08001de4   0x08001de4   0x00000012   Code   RO          220    .text.track_read_left_raw  track.o
    0x08001df6   0x08001df6   0x00000002   PAD
    0x08001df8   0x08001df8   0x00000008   Code   RO          190    .text.track_read_mid  track.o
    0x08001e00   0x08001e00   0x0000000c   Code   RO          192    .text.track_read_mid_physical  track.o
    0x08001e0c   0x08001e0c   0x00000012   Code   RO          218    .text.track_read_mid_raw  track.o
    0x08001e1e   0x08001e1e   0x00000002   PAD
    0x08001e20   0x08001e20   0x0000001c   Code   RO          184    .text.track_read_pattern_raw  track.o
    0x08001e3c   0x08001e3c   0x00000008   Code   RO          194    .text.track_read_right  track.o
    0x08001e44   0x08001e44   0x0000000c   Code   RO          188    .text.track_read_right_physical  track.o
    0x08001e50   0x08001e50   0x00000012   Code   RO          216    .text.track_read_right_raw  track.o
    0x08001e62   0x08001e62   0x00000002   PAD
    0x08001e64   0x08001e64   0x000000de   Code   RO          202    .text.track_run_step  track.o
    0x08001f42   0x08001f42   0x00000002   PAD
    0x08001f44   0x08001f44   0x00000022   Code   RO          206    .text.track_scale_speed  track.o
    0x08001f66   0x08001f66   0x00000002   PAD
    0x08001f68   0x08001f68   0x0000000c   Code   RO          198    .text.track_should_hold  track.o
    0x08001f74   0x08001f74   0x0000004e   Code   RO          172    .text.ultrasonic_delay_us  ultrasonic.o
    0x08001fc2   0x08001fc2   0x00000002   PAD
    0x08001fc4   0x08001fc4   0x00000096   Code   RO          170    .text.ultrasonic_get_distance_mm  ultrasonic.o
    0x0800205a   0x0800205a   0x00000002   PAD
    0x0800205c   0x0800205c   0x0000004c   Code   RO          168    .text.ultrasonic_init  ultrasonic.o
    0x080020a8   0x080020a8   0x000000a2   Code   RO          108    .text.usart_init    myusart.o
    0x0800214a   0x0800214a   0x00000002   PAD
    0x0800214c   0x0800214c   0x00000022   Code   RO            4    .text.watchdog_init  main.o
    0x0800216e   0x0800216e   0x00000004   Data   RO          389    .rodata.ADCPrescTable  stm32f10x_rcc.o
    0x08002172   0x08002172   0x00000010   Data   RO          388    .rodata.APBAHBPrescTable  stm32f10x_rcc.o
    0x08002182   0x08002182   0x0000009d   Data   RO           66    .rodata.str1.1      main.o
    0x0800221f   0x0800221f   0x00000001   PAD
    0x08002220   0x08002220   0x00000020   Data   RO          885    Region$$Table       anon$$obj.o


    Execution Region RW_IRAM1 (Exec base: 0x20000000, Load base: 0x08002240, Size: 0x00000708, Max: 0x00005000, ABSOLUTE)

    Exec Addr    Load Addr    Size         Type   Attr      Idx    E Section Name        Object

    0x20000000   0x08002240   0x00000004   Data   RW          252    .data.SystemCoreClock  system_stm32f10x.o
    0x20000004   0x08002244   0x00000001   Data   RW          157    .data.car_left_speed_percent  mycar.o
    0x20000005   0x08002245   0x00000001   Data   RW          158    .data.car_right_speed_percent  mycar.o
    0x20000006   0x08002246   0x00000001   Data   RW          156    .data.car_speed_percent  mycar.o
    0x20000007   0x08002247   0x00000001   PAD
    0x20000008        -       0x00000060   Zero   RW          752    .bss                c_w.l(libspace.o)
    0x20000068        -       0x00000080   Zero   RW          122    .bss.bt_rx_buffer   myusart.o
    0x200000e8        -       0x00000002   Zero   RW          120    .bss.bt_rx_head     myusart.o
    0x200000ea   0x08002247   0x00000002   PAD
    0x200000ec        -       0x00000004   Zero   RW          123    .bss.bt_rx_overflow_count  myusart.o
    0x200000f0        -       0x00000002   Zero   RW          121    .bss.bt_rx_tail     myusart.o
    0x200000f2        -       0x00000001   Zero   RW          159    .bss.car_motion_active  mycar.o
    0x200000f3   0x08002247   0x00000001   PAD
    0x200000f4        -       0x00000004   Zero   RW          100    .bss.system_ms      stm32f10x_it.o
    0x200000f8        -       0x00000001   Zero   RW          225    .bss.track_hold_requested  track.o
    0x200000f9   0x08002247   0x00000003   PAD
    0x200000fc        -       0x00000004   Zero   RW          226    .bss.track_hold_start_ms  track.o
    0x20000100        -       0x00000001   Zero   RW          224    .bss.track_pending_count  track.o
    0x20000101        -       0x00000001   Zero   RW          223    .bss.track_pending_pattern  track.o
    0x20000102        -       0x00000001   Zero   RW          222    .bss.track_stable_pattern  track.o
    0x20000103   0x08002247   0x00000005   PAD
    0x20000108        -       0x00000200   Zero   RW          235    HEAP                startup_stm32f10x_md.o
    0x20000308        -       0x00000400   Zero   RW          234    STACK               startup_stm32f10x_md.o


==============================================================================

Image component sizes


      Code (inc. data)   RO Data    RW Data    ZI Data      Debug   Object Name

      3636        578        157          0          0      15313   main.o
       114          0          0          0          0       3269   misc.o
       782          0          0          3          1       4689   mycar.o
       438          0          0          0        136       4787   myusart.o
        64         26        236          0       1536        764   startup_stm32f10x_md.o
       194          0          0          0          0       5847   stm32f10x_gpio.o
        44          0          0          0          4       1412   stm32f10x_it.o
        68          0          0          0          0       1566   stm32f10x_iwdg.o
       268          0         20          0          0       7733   stm32f10x_rcc.o
       490          0          0          0          0      25303   stm32f10x_tim.o
       328          0          0          0          0       8326   stm32f10x_usart.o
       284          0          0          4          0       2750   system_stm32f10x.o
       658          8          0          0          8       5036   track.o
       304          0          0          0          0       2583   ultrasonic.o

    ----------------------------------------------------------------------
      7762        612        446          8       1696      89378   Object Totals
         0          0         32          0          0          0   (incl. Generated)
        90          0          1          1         11          0   (incl. Padding)

    ----------------------------------------------------------------------

      Code (inc. data)   RO Data    RW Data    ZI Data      Debug   Library Member Name

         8          0          0          0          0         68   __main.o
         0          0          0          0          0          0   __rtentry.o
        12          0          0          0          0          0   __rtentry2.o
         6          0          0          0          0          0   __rtentry4.o
        52          8          0          0          0          0   __scatter.o
        26          0          0          0          0          0   __scatter_copy.o
        28          0          0          0          0          0   __scatter_zi.o
        18          0          0          0          0         80   exit.o
         6          0          0          0          0        152   heapauxi.o
         0          0          0          0          0          0   indicate_semi.o
         2          0          0          0          0          0   libinit.o
         2          0          0          0          0          0   libinit2.o
         2          0          0          0          0          0   libshutdown.o
         2          0          0          0          0          0   libshutdown2.o
         8          4          0          0         96         68   libspace.o
        88          0          0          0          0         76   memcmp.o
         2          0          0          0          0          0   rtexit.o
        10          0          0          0          0          0   rtexit2.o
       128          0          0          0          0         68   strcmpv7m.o
        62          0          0          0          0         76   strlen.o
        12          4          0          0          0         68   sys_exit.o
        74          0          0          0          0         80   sys_stackheap_outer.o
         2          0          0          0          0         68   use_no_semi.o

    ----------------------------------------------------------------------
       560         16          0          0         96        804   Library Totals
        10          0          0          0          0          0   (incl. Padding)

    ----------------------------------------------------------------------

      Code (inc. data)   RO Data    RW Data    ZI Data      Debug   Library Name

       550         16          0          0         96        804   c_w.l

    ----------------------------------------------------------------------
       560         16          0          0         96        804   Library Totals

    ----------------------------------------------------------------------

==============================================================================


      Code (inc. data)   RO Data    RW Data    ZI Data      Debug   

      8322        628        446          8       1792      89678   Grand Totals
      8322        628        446          8       1792      89678   ELF Image Totals
      8322        628        446          8          0          0   ROM Totals

==============================================================================

    Total RO  Size (Code + RO Data)                 8768 (   8.56kB)
    Total RW  Size (RW Data + ZI Data)              1800 (   1.76kB)
    Total ROM Size (Code + RO Data + RW Data)       8776 (   8.57kB)

==============================================================================

