<html>
<body>
<pre>
<h1>µVision Build Log</h1>
<h2>Tool Versions:</h2>
IDE-Version: ¦ÌVision V5.35.0.0
Copyright (C) 2021 ARM Ltd and ARM Germany GmbH. All rights reserved.
License Information: , , LIC=3UURY-ID3DC-F1JPT-RTSNY-C6LJX-B9QU2
 
Tool Versions:
Toolchain:       MDK-ARM Professional  Version: 5.35.0.2
Toolchain Path:  D:\MDK\ARM\ARMCLANG\Bin
C Compiler:      ArmClang.exe V6.16
Assembler:       Armasm.exe V6.16
Linker/Locator:  ArmLink.exe V6.16
Library Manager: ArmAr.exe V6.16
Hex Converter:   FromElf.exe V6.16
CPU DLL:         SARMCM3.DLL V5.35.0.2
Dialog DLL:      DCM.DLL V1.17.3.0
Target DLL:      UL2CM3.DLL V1.164.0.0
Dialog DLL:      TCM.DLL V1.53.0.0
 
<h2>Project:</h2>
D:\MDK\DOC\neo.uvprojx
Project File Date:  07/01/2026

<h2>Output:</h2>
*** Using Compiler 'V6.16', folder: 'D:\MDK\ARM\ARMCLANG\Bin'
Rebuild target 'Target 1'
User/stm32f10x_it.c(11): warning: In file included from...
./User/stm32f10x_it.h(16): warning: In file included from...
D:/MDK/Packs/Keil/STM32F1xx_DFP/2.4.0/Device/Include\stm32f10x.h(8347): warning: In file included from...
./User\stm32f10x_conf.h(35): warning: extra tokens at end of #include directive [-Wextra-tokens]
#include "stm32f10x_wwdg.h"/Type-C
                           ^
                           //
User/stm32f10x_it.c(124): warning: no previous prototype for function 'EXTI15_10_IRQHandler' [-Wmissing-prototypes]
void EXTI15_10_IRQHandler(void)
     ^
User/stm32f10x_it.c(124): note: declare 'static' if the function is not intended to be used outside of this translation unit
void EXTI15_10_IRQHandler(void)
^
static 
User/stm32f10x_it.c(132): warning: no previous prototype for function 'USART1_IRQHandler' [-Wmissing-prototypes]
void USART1_IRQHandler(void)
     ^
User/stm32f10x_it.c(132): note: declare 'static' if the function is not intended to be used outside of this translation unit
void USART1_IRQHandler(void)
^
static 
User/stm32f10x_it.c(140): warning: no previous prototype for function 'USART3_IRQHandler' [-Wmissing-prototypes]
void USART3_IRQHandler(void)
     ^
User/stm32f10x_it.c(140): note: declare 'static' if the function is not intended to be used outside of this translation unit
void USART3_IRQHandler(void)
^
static 
4 warnings generated.
compiling stm32f10x_it.c...
User/ultrasonic.c(1): warning: In file included from...
./User/ultrasonic.h(4): warning: In file included from...
D:/MDK/Packs/Keil/STM32F1xx_DFP/2.4.0/Device/Include\stm32f10x.h(8347): warning: In file included from...
./User\stm32f10x_conf.h(35): warning: extra tokens at end of #include directive [-Wextra-tokens]
#include "stm32f10x_wwdg.h"/Type-C
                           ^
                           //
1 warning generated.
compiling ultrasonic.c...
Lib/src/stm32f10x_gpio.c(22): warning: In file included from...
./Lib/inc\stm32f10x_gpio.h(31): warning: In file included from...
D:/MDK/Packs/Keil/STM32F1xx_DFP/2.4.0/Device/Include\stm32f10x.h(8347): warning: In file included from...
./User\stm32f10x_conf.h(35): warning: extra tokens at end of #include directive [-Wextra-tokens]
#include "stm32f10x_wwdg.h"/Type-C
                           ^
                           //
1 warning generated.
compiling stm32f10x_gpio.c...
Startup/system_stm32f10x.c(64): warning: In file included from...
D:/MDK/Packs/Keil/STM32F1xx_DFP/2.4.0/Device/Include\stm32f10x.h(8347): warning: In file included from...
./User\stm32f10x_conf.h(35): warning: extra tokens at end of #include directive [-Wextra-tokens]
#include "stm32f10x_wwdg.h"/Type-C
                           ^
                           //
1 warning generated.
compiling system_stm32f10x.c...
User/myusart.c(1): warning: In file included from...
D:/MDK/Packs/Keil/STM32F1xx_DFP/2.4.0/Device/Include\stm32f10x.h(8347): warning: In file included from...
./User\stm32f10x_conf.h(35): warning: extra tokens at end of #include directive [-Wextra-tokens]
#include "stm32f10x_wwdg.h"/Type-C
                           ^
                           //
1 warning generated.
compiling myusart.c...
Lib/src/misc.c(23): warning: In file included from...
./Lib/inc\misc.h(31): warning: In file included from...
D:/MDK/Packs/Keil/STM32F1xx_DFP/2.4.0/Device/Include\stm32f10x.h(8347): warning: In file included from...
./User\stm32f10x_conf.h(35): warning: extra tokens at end of #include directive [-Wextra-tokens]
#include "stm32f10x_wwdg.h"/Type-C
                           ^
                           //
1 warning generated.
compiling misc.c...
User/mycar.c(1): warning: In file included from...
D:/MDK/Packs/Keil/STM32F1xx_DFP/2.4.0/Device/Include\stm32f10x.h(8347): warning: In file included from...
./User\stm32f10x_conf.h(35): warning: extra tokens at end of #include directive [-Wextra-tokens]
#include "stm32f10x_wwdg.h"/Type-C
                           ^
                           //
User/mycar.c(1): warning: In file included from...
D:/MDK/Packs/Keil/STM32F1xx_DFP/2.4.0/Device/Include\stm32f10x.h(8347): warning: In file included from...
./User\stm32f10x_conf.h(33): warning: In file included from...
./Lib/inc\stm32f10x_tim.h(50): warning: padding size of 'TIM_TimeBaseInitTypeDef' with 1 byte to alignment boundary [-Wpadded]
typedef struct
        ^
2 warnings generated.
compiling mycar.c...
User/track.c(1): warning: In file included from...
./User/track.h(4): warning: In file included from...
D:/MDK/Packs/Keil/STM32F1xx_DFP/2.4.0/Device/Include\stm32f10x.h(8347): warning: In file included from...
./User\stm32f10x_conf.h(35): warning: extra tokens at end of #include directive [-Wextra-tokens]
#include "stm32f10x_wwdg.h"/Type-C
                           ^
                           //
1 warning generated.
compiling track.c...
User/main.c(33): warning: In file included from...
D:/MDK/Packs/Keil/STM32F1xx_DFP/2.4.0/Device/Include\stm32f10x.h(8347): warning: In file included from...
./User\stm32f10x_conf.h(35): warning: extra tokens at end of #include directive [-Wextra-tokens]
#include "stm32f10x_wwdg.h"/Type-C
                           ^
                           //
User/main.c(320): warning: default label in switch which covers all enumeration values [-Wcovered-switch-default]
    default:
    ^
2 warnings generated.
compiling main.c...
assembling startup_stm32f10x_md.s...
Lib/src/stm32f10x_rcc.c(22): warning: In file included from...
./Lib/inc\stm32f10x_rcc.h(31): warning: In file included from...
D:/MDK/Packs/Keil/STM32F1xx_DFP/2.4.0/Device/Include\stm32f10x.h(8347): warning: In file included from...
./User\stm32f10x_conf.h(35): warning: extra tokens at end of #include directive [-Wextra-tokens]
#include "stm32f10x_wwdg.h"/Type-C
                           ^
                           //
1 warning generated.
compiling stm32f10x_rcc.c...
Lib/src/stm32f10x_usart.c(22): warning: In file included from...
./Lib/inc\stm32f10x_usart.h(31): warning: In file included from...
D:/MDK/Packs/Keil/STM32F1xx_DFP/2.4.0/Device/Include\stm32f10x.h(8347): warning: In file included from...
./User\stm32f10x_conf.h(35): warning: extra tokens at end of #include directive [-Wextra-tokens]
#include "stm32f10x_wwdg.h"/Type-C
                           ^
                           //
Lib/src/stm32f10x_usart.c(1043): warning: implicit conversion loses integer precision: 'int' to 'uint16_t' (aka 'unsigned short') [-Wimplicit-int-conversion]
  itmask = ((uint16_t)0x01 << (uint16_t)bitpos);
         ~  ~~~~~~~~~~~~~~~^~~~~~~~~~~~~~~~~~~
2 warnings generated.
compiling stm32f10x_usart.c...
Lib/src/stm32f10x_iwdg.c(22): warning: In file included from...
./Lib/inc\stm32f10x_iwdg.h(31): warning: In file included from...
D:/MDK/Packs/Keil/STM32F1xx_DFP/2.4.0/Device/Include\stm32f10x.h(8347): warning: In file included from...
./User\stm32f10x_conf.h(35): warning: extra tokens at end of #include directive [-Wextra-tokens]
#include "stm32f10x_wwdg.h"/Type-C
                           ^
                           //
1 warning generated.
compiling stm32f10x_iwdg.c...
Lib/src/stm32f10x_exti.c(22): warning: In file included from...
./Lib/inc\stm32f10x_exti.h(31): warning: In file included from...
D:/MDK/Packs/Keil/STM32F1xx_DFP/2.4.0/Device/Include\stm32f10x.h(8347): warning: In file included from...
./User\stm32f10x_conf.h(35): warning: extra tokens at end of #include directive [-Wextra-tokens]
#include "stm32f10x_wwdg.h"/Type-C
                           ^
                           //
Lib/src/stm32f10x_exti.c(22): warning: In file included from...
./Lib/inc\stm32f10x_exti.h(75): warning: padding size of 'EXTI_InitTypeDef' with 1 byte to alignment boundary [-Wpadded]
typedef struct
        ^
2 warnings generated.
compiling stm32f10x_exti.c...
D:/MDK/Packs/Keil/STM32F1xx_DFP/2.4.0/RTE_Driver/GPIO_STM32F10x.c(26): warning: In file included from...
D:/MDK/Packs/Keil/STM32F1xx_DFP/2.4.0/RTE_Driver/GPIO_STM32F10x.h(30): warning: In file included from...
D:/MDK/Packs/Keil/STM32F1xx_DFP/2.4.0/Device/Include\stm32f10x.h(8347): warning: In file included from...
./User\stm32f10x_conf.h(35): warning: extra tokens at end of #include directive [-Wextra-tokens]
#include "stm32f10x_wwdg.h"/Type-C
                           ^
                           //
D:/MDK/Packs/Keil/STM32F1xx_DFP/2.4.0/RTE_Driver/GPIO_STM32F10x.c(26): warning: In file included from...
D:/MDK/Packs/Keil/STM32F1xx_DFP/2.4.0/RTE_Driver/GPIO_STM32F10x.h(246): warning: implicit conversion loses integer precision: 'volatile uint32_t' (aka 'volatile unsigned int') to 'uint16_t' (aka 'unsigned short') [-Wimplicit-int-conversion]
  return (GPIOx->IDR);
  ~~~~~~  ~~~~~~~^~~
D:/MDK/Packs/Keil/STM32F1xx_DFP/2.4.0/RTE_Driver/GPIO_STM32F10x.c(128): warning: integer constant not in range of enumerated type 'GPIO_CONF' [-Wassign-enum]
      conf &= ~1;
              ^
D:/MDK/Packs/Keil/STM32F1xx_DFP/2.4.0/RTE_Driver/GPIO_STM32F10x.c(140): warning: implicit conversion changes signedness: 'int' to 'unsigned int' [-Wsign-conversion]
  *reg &= ~(0xF << (num << 2));
       ~~ ^~~~~~~~~~~~~~~~~~~~
D:/MDK/Packs/Keil/STM32F1xx_DFP/2.4.0/RTE_Driver/GPIO_STM32F10x.c(141): warning: implicit conversion changes signedness: 'int' to 'unsigned int' [-Wsign-conversion]
  *reg |= ((conf << 2) | mode) << (num << 2);
       ~~ ~~~~~~~~~~~~~~~~~~~~~^~~~~~~~~~~~~
5 warnings generated.
compiling GPIO_STM32F10x.c...
Lib/src/stm32f10x_tim.c(22): warning: In file included from...
./Lib/inc\stm32f10x_tim.h(31): warning: In file included from...
D:/MDK/Packs/Keil/STM32F1xx_DFP/2.4.0/Device/Include\stm32f10x.h(8347): warning: In file included from...
./User\stm32f10x_conf.h(35): warning: extra tokens at end of #include directive [-Wextra-tokens]
#include "stm32f10x_wwdg.h"/Type-C
                           ^
                           //
Lib/src/stm32f10x_tim.c(22): warning: In file included from...
./Lib/inc\stm32f10x_tim.h(50): warning: padding size of 'TIM_TimeBaseInitTypeDef' with 1 byte to alignment boundary [-Wpadded]
typedef struct
        ^
Lib/src/stm32f10x_tim.c(725): warning: implicit conversion loses integer precision: 'unsigned int' to 'uint16_t' (aka 'unsigned short') [-Wimplicit-int-conversion]
             TIM_BDTRInitStruct->TIM_Break | TIM_BDTRInitStruct->TIM_BreakPolarity |
             ~~~~~~~~~~~~~~~~~~~~~~~~~~~~~~~~~~~~~~~~~~~~~~~~~~~~~~~~~~~~~~~~~~~~~~^
Lib/src/stm32f10x_tim.c(1982): warning: implicit conversion loses integer precision: 'int' to 'uint16_t' (aka 'unsigned short') [-Wimplicit-int-conversion]
  tmp = CCER_CCE_Set << TIM_Channel;
      ~ ~~~~~~~~~~~~~^~~~~~~~~~~~~~
Lib/src/stm32f10x_tim.c(2012): warning: implicit conversion loses integer precision: 'int' to 'uint16_t' (aka 'unsigned short') [-Wimplicit-int-conversion]
  tmp = CCER_CCNE_Set << TIM_Channel;
      ~ ~~~~~~~~~~~~~~^~~~~~~~~~~~~~
Lib/src/stm32f10x_tim.c(2057): warning: implicit conversion loses integer precision: 'int' to 'uint16_t' (aka 'unsigned short') [-Wimplicit-int-conversion]
  tmp1 = CCER_CCE_Set << (uint16_t)TIM_Channel;
       ~ ~~~~~~~~~~~~~^~~~~~~~~~~~~~~~~~~~~~~~
6 warnings generated.
compiling stm32f10x_tim.c...
linking...
Program Size: Code=8322 RO-data=446 RW-data=8 ZI-data=1792  
FromELF: creating hex file...
".\Objects\neo.axf" - 0 Error(s), 31 Warning(s).

<h2>Software Packages used:</h2>

Package Vendor: ARM
                http://www.keil.com/pack/ARM.CMSIS.5.8.0.pack
                ARM.CMSIS.5.8.0
                CMSIS (Common Microcontroller Software Interface Standard)
   * Component: CORE Version: 5.5.0

Package Vendor: Keil
                http://www.keil.com/pack/Keil.STM32F1xx_DFP.2.4.0.pack
                Keil.STM32F1xx_DFP.2.4.0
                STMicroelectronics STM32F1 Series Device Support, Drivers and Examples
   * Component: GPIO Version: 1.3

<h2>Collection of Component include folders:</h2>
  .\RTE\_Target_1
  D:\MDK\Packs\ARM\CMSIS\5.8.0\CMSIS\Core\Include
  D:\MDK\Packs\Keil\STM32F1xx_DFP\2.4.0\Device\Include
  D:\MDK\Packs\Keil\STM32F1xx_DFP\2.4.0\RTE_Driver

<h2>Collection of Component Files used:</h2>

   * Component: ARM::CMSIS:CORE:5.5.0

   * Component: Keil::Device:GPIO:1.3
      Include file:  RTE_Driver\GPIO_STM32F10x.h
      Source file:   RTE_Driver\GPIO_STM32F10x.c
Build Time Elapsed:  00:00:02
</pre>
</body>
</html>
